203.0.113.100 - - [16/Jul/2025:10:36:56 +0000] "GET /backup/ HTTP/1.1" 500 112 "-" "python-requests/2.28.0"
203.0.113.100 - - [16/Jul/2025:10:37:08 +0000] "GET /products HTTP/1.1" 200 982 "-" "Scrapy/2.5.1"
10.0.0.10 - - [16/Jul/2025:10:37:10 +0000] "GET /login HTTP/1.1" 200 3892 "http://example.com/" "Mozilla/5.0 (Macintosh; Intel Mac OS X 10_15_7) AppleWebKit/537.36 (KHTML, like Gecko) Chrome/91.0.4472.124 Safari/537.36"
203.0.113.200 - - [16/Jul/2025:10:37:10 +0000] "GET /products HTTP/1.1" 200 375 "-" "curl/7.68.0"
198.51.100.10 - - [16/Jul/2025:10:37:22 +0000] "GET /products HTTP/1.1" 200 406 "-" "python-requests/2.28.0"
192.168.1.1 - - [16/Jul/2025:10:37:27 +0000] "GET /about.html HTTP/1.1" 200 1163 "http://example.com/" "Mozilla/5.0 (Macintosh; Intel Mac OS X 10_15_7) AppleWebKit/537.36 (KHTML, like Gecko) Chrome/91.0.4472.124 Safari/537.36"
203.0.113.100 - - [16/Jul/2025:10:37:27 +0000] "GET /about.html HTTP/1.1" 200 341 "-" "curl/7.68.0"
203.0.113.45 - - [16/Jul/2025:10:37:54 +0000] "GET / HTTP/1.1" 200 785 "-" "curl/7.68.0"
10.0.0.10 - - [16/Jul/2025:10:38:02 +0000] "GET /index.html HTTP/1.1" 200 4550 "http://example.com/" "Mozilla/5.0 (Windows NT 10.0; Win64; x64) AppleWebKit/537.36 (KHTML, like Gecko) Chrome/91.0.4472.124 Safari/537.36"
10.0.0.10 - - [16/Jul/2025:10:38:19 +0000] "GET /contact HTTP/1.1" 200 4268 "http://example.com/" "Mozilla/5.0 (Windows NT 10.0; Win64; x64) AppleWebKit/537.36 (KHTML, like Gecko) Chrome/91.0.4472.124 Safari/537.36"
203.0.113.45 - - [16/Jul/2025:10:38:20 +0000] "GET / HTTP/1.1" 200 276 "-" "Mozilla/5.0 (compatible; bingbot/2.0; +http://www.bing.com/bingbot.htm)"
192.168.1.1 - - [16/Jul/2025:10:38:31 +0000] "GET / HTTP/1.1" 404 3834 "http://example.com/" "Mozilla/5.0 (Macintosh; Intel Mac OS X 10_15_7) AppleWebKit/537.36 (KHTML, like Gecko) Chrome/91.0.4472.124 Safari/537.36"
192.168.1.1 - - [16/Jul/2025:10:38:32 +0000] "GET /index.html HTTP/1.1" 200 3594 "-" "Mozilla/5.0 (Windows NT 10.0; Win64; x64) AppleWebKit/537.36 (KHTML, like Gecko) Chrome/91.0.4472.124 Safari/537.36"
198.51.100.50 - - [16/Jul/2025:10:38:42 +0000] "GET /admin/login HTTP/1.1" 500 922 "-" "Mozilla/5.0 (compatible; bingbot/2.0; +http://www.bing.com/bingbot.htm)"
203.0.113.200 - - [16/Jul/2025:10:38:54 +0000] "GET /.env HTTP/1.1" 500 890 "-" "Mozilla/5.0 (compatible; bingbot/2.0; +http://www.bing.com/bingbot.htm)"
203.0.113.200 - - [16/Jul/2025:10:38:59 +0000] "GET /admin/login HTTP/1.1" 500 491 "-" "Scrapy/2.5.1"
192.168.1.3 - - [16/Jul/2025:10:39:01 +0000] "GET /index.html HTTP/1.1" 200 3674 "http://example.com/" "Mozilla/5.0 (iPhone; CPU iPhone OS 14_7_1 like Mac OS X) AppleWebKit/605.1.15 (KHTML, like Gecko) Version/14.1.2 Mobile/15E148 Safari/604.1"
192.168.1.2 - - [16/Jul/2025:10:39:05 +0000] "GET /blog HTTP/1.1" 200 3202 "http://example.com/" "Mozilla/5.0 (iPhone; CPU iPhone OS 14_7_1 like Mac OS X) AppleWebKit/605.1.15 (KHTML, like Gecko) Version/14.1.2 Mobile/15E148 Safari/604.1"
198.51.100.10 - - [16/Jul/2025:10:39:07 +0000] "GET /search HTTP/1.1" 200 774 "-" "python-requests/2.28.0"
198.51.100.10 - - [16/Jul/2025:10:39:11 +0000] "GET /blog HTTP/1.1" 200 758 "-" "Mozilla/5.0 (compatible; bingbot/2.0; +http://www.bing.com/bingbot.htm)"
192.168.1.3 - - [16/Jul/2025:10:39:12 +0000] "GET /contact HTTP/1.1" 404 4473 "http://example.com/" "Mozilla/5.0 (iPhone; CPU iPhone OS 14_7_1 like Mac OS X) AppleWebKit/605.1.15 (KHTML, like Gecko) Version/14.1.2 Mobile/15E148 Safari/604.1"
10.0.0.5 - - [16/Jul/2025:10:39:45 +0000] "GET /blog HTTP/1.1" 200 2268 "http://example.com/" "Mozilla/5.0 (Macintosh; Intel Mac OS X 10_15_7) AppleWebKit/537.36 (KHTML, like Gecko) Chrome/91.0.4472.124 Safari/537.36"
203.0.113.45 - - [16/Jul/2025:10:39:49 +0000] "GET /login HTTP/1.1" 200 533 "-" "curl/7.68.0"
10.0.0.10 - - [16/Jul/2025:10:39:55 +0000] "GET /search HTTP/1.1" 200 3225 "http://example.com/" "Mozilla/5.0 (iPhone; CPU iPhone OS 14_7_1 like Mac OS X) AppleWebKit/605.1.15 (KHTML, like Gecko) Version/14.1.2 Mobile/15E148 Safari/604.1"
10.0.0.10 - - [16/Jul/2025:10:39:57 +0000] "GET /index.html HTTP/1.1" 404 4999 "-" "Mozilla/5.0 (iPhone; CPU iPhone OS 14_7_1 like Mac OS X) AppleWebKit/605.1.15 (KHTML, like Gecko) Version/14.1.2 Mobile/15E148 Safari/604.1"
10.0.0.5 - - [16/Jul/2025:10:40:08 +0000] "GET /blog HTTP/1.1" 404 4754 "-" "Mozilla/5.0 (iPhone; CPU iPhone OS 14_7_1 like Mac OS X) AppleWebKit/605.1.15 (KHTML, like Gecko) Version/14.1.2 Mobile/15E148 Safari/604.1"
203.0.113.100 - - [16/Jul/2025:10:40:08 +0000] "GET /login HTTP/1.1" 200 713 "-" "Mozilla/5.0 (compatible; Bot)"
10.0.0.10 - - [16/Jul/2025:10:40:11 +0000] "GET /search HTTP/1.1" 200 3491 "http://example.com/" "Mozilla/5.0 (Windows NT 10.0; Win64; x64) AppleWebKit/537.36 (KHTML, like Gecko) Chrome/91.0.4472.124 Safari/537.36"
10.0.0.5 - - [16/Jul/2025:10:40:13 +0000] "GET / HTTP/1.1" 200 3513 "http://example.com/" "Mozilla/5.0 (iPhone; CPU iPhone OS 14_7_1 like Mac OS X) AppleWebKit/605.1.15 (KHTML, like Gecko) Version/14.1.2 Mobile/15E148 Safari/604.1"
192.168.1.3 - - [16/Jul/2025:10:40:16 +0000] "GET /contact HTTP/1.1" 200 2743 "-" "Mozilla/5.0 (iPhone; CPU iPhone OS 14_7_1 like Mac OS X) AppleWebKit/605.1.15 (KHTML, like Gecko) Version/14.1.2 Mobile/15E148 Safari/604.1"
203.0.113.200 - - [16/Jul/2025:10:40:24 +0000] "GET /products HTTP/1.1" 200 947 "-" "Mozilla/5.0 (compatible; bingbot/2.0; +http://www.bing.com/bingbot.htm)"
10.0.0.5 - - [16/Jul/2025:10:40:33 +0000] "GET /search HTTP/1.1" 200 1321 "http://example.com/" "Mozilla/5.0 (Macintosh; Intel Mac OS X 10_15_7) AppleWebKit/537.36 (KHTML, like Gecko) Chrome/91.0.4472.124 Safari/537.36"
192.168.1.3 - - [16/Jul/2025:10:40:42 +0000] "GET / HTTP/1.1" 200 3078 "http://example.com/" "Mozilla/5.0 (Macintosh; Intel Mac OS X 10_15_7) AppleWebKit/537.36 (KHTML, like Gecko) Chrome/91.0.4472.124 Safari/537.36"
192.168.1.3 - - [16/Jul/2025:10:40:45 +0000] "GET /products HTTP/1.1" 200 1383 "-" "Mozilla/5.0 (Macintosh; Intel Mac OS X 10_15_7) AppleWebKit/537.36 (KHTML, like Gecko) Chrome/91.0.4472.124 Safari/537.36"
198.51.100.10 - - [16/Jul/2025:10:40:52 +0000] "GET /.env HTTP/1.1" 500 605 "-" "curl/7.68.0"
203.0.113.100 - - [16/Jul/2025:10:40:55 +0000] "GET /.env HTTP/1.1" 403 152 "-" "curl/7.68.0"
203.0.113.100 - - [16/Jul/2025:10:41:05 +0000] "GET /blog HTTP/1.1" 200 520 "-" "Scrapy/2.5.1"
192.168.1.1 - - [16/Jul/2025:10:41:16 +0000] "GET /contact HTTP/1.1" 200 4900 "http://example.com/" "Mozilla/5.0 (Windows NT 10.0; Win64; x64) AppleWebKit/537.36 (KHTML, like Gecko) Chrome/91.0.4472.124 Safari/537.36"
203.0.113.200 - - [16/Jul/2025:10:41:16 +0000] "GET / HTTP/1.1" 200 643 "-" "Mozilla/5.0 (compatible; Googlebot/2.1; +http://www.google.com/bot.html)"
192.168.1.1 - - [16/Jul/2025:10:41:27 +0000] "GET /index.html HTTP/1.1" 200 1269 "-" "Mozilla/5.0 (iPhone; CPU iPhone OS 14_7_1 like Mac OS X) AppleWebKit/605.1.15 (KHTML, like Gecko) Version/14.1.2 Mobile/15E148 Safari/604.1"
198.51.100.10 - - [16/Jul/2025:10:41:32 +0000] "GET / HTTP/1.1" 200 238 "-" "curl/7.68.0"
192.168.1.2 - - [16/Jul/2025:10:41:49 +0000] "GET /contact HTTP/1.1" 200 1256 "http://example.com/" "Mozilla/5.0 (Windows NT 10.0; Win64; x64) AppleWebKit/537.36 (KHTML, like Gecko) Chrome/91.0.4472.124 Safari/537.36"
192.168.1.2 - - [16/Jul/2025:10:41:51 +0000] "GET /index.html HTTP/1.1" 200 4643 "http://example.com/" "Mozilla/5.0 (iPhone; CPU iPhone OS 14_7_1 like Mac OS X) AppleWebKit/605.1.15 (KHTML, like Gecko) Version/14.1.2 Mobile/15E148 Safari/604.1"
203.0.113.45 - - [16/Jul/2025:10:42:05 +0000] "GET /products HTTP/1.1" 200 764 "-" "Mozilla/5.0 (compatible; bingbot/2.0; +http://www.bing.com/bingbot.htm)"
192.168.1.1 - - [16/Jul/2025:10:42:06 +0000] "GET /search HTTP/1.1" 404 4844 "-" "Mozilla/5.0 (Macintosh; Intel Mac OS X 10_15_7) AppleWebKit/537.36 (KHTML, like Gecko) Chrome/91.0.4472.124 Safari/537.36"
198.51.100.50 - - [16/Jul/2025:10:42:27 +0000] "GET /admin/login HTTP/1.1" 500 661 "-" "Mozilla/5.0 (compatible; Googlebot/2.1; +http://www.google.com/bot.html)"
192.168.1.1 - - [16/Jul/2025:10:42:36 +0000] "GET /index.html HTTP/1.1" 200 4640 "http://example.com/" "Mozilla/5.0 (Windows NT 10.0; Win64; x64) AppleWebKit/537.36 (KHTML, like Gecko) Chrome/91.0.4472.124 Safari/537.36"
203.0.113.200 - - [16/Jul/2025:10:42:36 +0000] "GET /.env HTTP/1.1" 500 825 "-" "Mozilla/5.0 (compatible; Googlebot/2.1; +http://www.google.com/bot.html)"
192.168.1.2 - - [16/Jul/2025:10:42:50 +0000] "GET /index.html HTTP/1.1" 200 2380 "http://example.com/" "Mozilla/5.0 (Windows NT 10.0; Win64; x64) AppleWebKit/537.36 (KHTML, like Gecko) Chrome/91.0.4472.124 Safari/537.36"
198.51.100.50 - - [16/Jul/2025:10:42:57 +0000] "GET /about.html HTTP/1.1" 200 542 "-" "Mozilla/5.0 (compatible; Googlebot/2.1; +http://www.google.com/bot.html)"
198.51.100.10 - - [16/Jul/2025:10:43:00 +0000] "GET /index.html HTTP/1.1" 200 805 "-" "Scrapy/2.5.1"
192.168.1.3 - - [16/Jul/2025:10:43:08 +0000] "GET /login HTTP/1.1" 404 3874 "http://example.com/" "Mozilla/5.0 (Macintosh; Intel Mac OS X 10_15_7) AppleWebKit/537.36 (KHTML, like Gecko) Chrome/91.0.4472.124 Safari/537.36"
198.51.100.50 - - [16/Jul/2025:10:43:19 +0000] "GET /products HTTP/1.1" 200 883 "-" "python-requests/2.28.0"
192.168.1.3 - - [16/Jul/2025:10:43:25 +0000] "GET /search HTTP/1.1" 200 4133 "http://example.com/" "Mozilla/5.0 (Macintosh; Intel Mac OS X 10_15_7) AppleWebKit/537.36 (KHTML, like Gecko) Chrome/91.0.4472.124 Safari/537.36"
203.0.113.45 - - [16/Jul/2025:10:43:32 +0000] "GET /products HTTP/1.1" 200 664 "-" "Mozilla/5.0 (compatible; Googlebot/2.1; +http://www.google.com/bot.html)"
192.168.1.1 - - [16/Jul/2025:10:43:46 +0000] "GET / HTTP/1.1" 404 3994 "-" "Mozilla/5.0 (Macintosh; Intel Mac OS X 10_15_7) AppleWebKit/537.36 (KHTML, like Gecko) Chrome/91.0.4472.124 Safari/537.36"
192.168.1.3 - - [16/Jul/2025:10:44:03 +0000] "GET /contact HTTP/1.1" 200 2845 "http://example.com/" "Mozilla/5.0 (iPhone; CPU iPhone OS 14_7_1 like Mac OS X) AppleWebKit/605.1.15 (KHTML, like Gecko) Version/14.1.2 Mobile/15E148 Safari/604.1"
203.0.113.100 - - [16/Jul/2025:10:44:06 +0000] "GET /contact HTTP/1.1" 200 422 "-" "curl/7.68.0"
192.168.1.1 - - [16/Jul/2025:10:44:09 +0000] "GET /index.html HTTP/1.1" 200 1703 "http://example.com/" "Mozilla/5.0 (Macintosh; Intel Mac OS X 10_15_7) AppleWebKit/537.36 (KHTML, like Gecko) Chrome/91.0.4472.124 Safari/537.36"
10.0.0.5 - - [16/Jul/2025:10:44:23 +0000] "GET /login HTTP/1.1" 200 3765 "-" "Mozilla/5.0 (iPhone; CPU iPhone OS 14_7_1 like Mac OS X) AppleWebKit/605.1.15 (KHTML, like Gecko) Version/14.1.2 Mobile/15E148 Safari/604.1"
192.168.1.1 - - [16/Jul/2025:10:44:24 +0000] "GET /search HTTP/1.1" 200 4248 "http://example.com/" "Mozilla/5.0 (Macintosh; Intel Mac OS X 10_15_7) AppleWebKit/537.36 (KHTML, like Gecko) Chrome/91.0.4472.124 Safari/537.36"
203.0.113.200 - - [16/Jul/2025:10:44:26 +0000] "GET /backup/ HTTP/1.1" 404 857 "-" "curl/7.68.0"
203.0.113.200 - - [16/Jul/2025:10:44:28 +0000] "GET /robots.txt HTTP/1.1" 500 717 "-" "Mozilla/5.0 (compatible; Bot)"
10.0.0.10 - - [16/Jul/2025:10:44:31 +0000] "GET /products HTTP/1.1" 200 4063 "http://example.com/" "Mozilla/5.0 (Windows NT 10.0; Win64; x64) AppleWebKit/537.36 (KHTML, like Gecko) Chrome/91.0.4472.124 Safari/537.36"
198.51.100.10 - - [16/Jul/2025:10:44:38 +0000] "GET /about.html HTTP/1.1" 200 773 "-" "Mozilla/5.0 (compatible; bingbot/2.0; +http://www.bing.com/bingbot.htm)"
10.0.0.10 - - [16/Jul/2025:10:44:41 +0000] "GET / HTTP/1.1" 200 1128 "http://example.com/" "Mozilla/5.0 (Windows NT 10.0; Win64; x64) AppleWebKit/537.36 (KHTML, like Gecko) Chrome/91.0.4472.124 Safari/537.36"
192.168.1.1 - - [16/Jul/2025:10:44:48 +0000] "GET /blog HTTP/1.1" 200 2650 "-" "Mozilla/5.0 (Windows NT 10.0; Win64; x64) AppleWebKit/537.36 (KHTML, like Gecko) Chrome/91.0.4472.124 Safari/537.36"
203.0.113.100 - - [16/Jul/2025:10:44:51 +0000] "GET /sitemap.xml HTTP/1.1" 403 864 "-" "Mozilla/5.0 (compatible; Googlebot/2.1; +http://www.google.com/bot.html)"
203.0.113.45 - - [16/Jul/2025:10:44:57 +0000] "GET /backup/ HTTP/1.1" 403 488 "-" "Scrapy/2.5.1"
192.168.1.1 - - [16/Jul/2025:10:45:20 +0000] "GET /login HTTP/1.1" 200 4897 "-" "Mozilla/5.0 (Windows NT 10.0; Win64; x64) AppleWebKit/537.36 (KHTML, like Gecko) Chrome/91.0.4472.124 Safari/537.36"
198.51.100.50 - - [16/Jul/2025:10:45:21 +0000] "GET /login HTTP/1.1" 200 287 "-" "Scrapy/2.5.1"
203.0.113.45 - - [16/Jul/2025:10:45:45 +0000] "GET /contact HTTP/1.1" 200 506 "-" "Mozilla/5.0 (compatible; Bot)"
10.0.0.10 - - [16/Jul/2025:10:45:57 +0000] "GET /contact HTTP/1.1" 200 2266 "http://example.com/" "Mozilla/5.0 (Macintosh; Intel Mac OS X 10_15_7) AppleWebKit/537.36 (KHTML, like Gecko) Chrome/91.0.4472.124 Safari/537.36"
198.51.100.10 - - [16/Jul/2025:10:46:00 +0000] "GET /sitemap.xml HTTP/1.1" 500 678 "-" "Scrapy/2.5.1"
203.0.113.45 - - [16/Jul/2025:10:46:10 +0000] "GET /config.php HTTP/1.1" 403 438 "-" "Scrapy/2.5.1"
10.0.0.10 - - [16/Jul/2025:10:46:15 +0000] "GET /login HTTP/1.1" 200 3518 "http://example.com/" "Mozilla/5.0 (iPhone; CPU iPhone OS 14_7_1 like Mac OS X) AppleWebKit/605.1.15 (KHTML, like Gecko) Version/14.1.2 Mobile/15E148 Safari/604.1"
198.51.100.10 - - [16/Jul/2025:10:46:19 +0000] "GET /about.html HTTP/1.1" 200 890 "-" "python-requests/2.28.0"
192.168.1.2 - - [16/Jul/2025:10:46:36 +0000] "GET /contact HTTP/1.1" 200 3997 "http://example.com/" "Mozilla/5.0 (Windows NT 10.0; Win64; x64) AppleWebKit/537.36 (KHTML, like Gecko) Chrome/91.0.4472.124 Safari/537.36"
192.168.1.1 - - [16/Jul/2025:10:46:38 +0000] "GET /about.html HTTP/1.1" 200 2772 "-" "Mozilla/5.0 (Macintosh; Intel Mac OS X 10_15_7) AppleWebKit/537.36 (KHTML, like Gecko) Chrome/91.0.4472.124 Safari/537.36"
198.51.100.10 - - [16/Jul/2025:10:46:51 +0000] "GET /config.php HTTP/1.1" 404 184 "-" "Mozilla/5.0 (compatible; bingbot/2.0; +http://www.bing.com/bingbot.htm)"
203.0.113.100 - - [16/Jul/2025:10:46:52 +0000] "GET /blog HTTP/1.1" 200 996 "-" "Mozilla/5.0 (compatible; Googlebot/2.1; +http://www.google.com/bot.html)"
10.0.0.10 - - [16/Jul/2025:10:47:06 +0000] "GET /search HTTP/1.1" 200 3181 "http://example.com/" "Mozilla/5.0 (Windows NT 10.0; Win64; x64) AppleWebKit/537.36 (KHTML, like Gecko) Chrome/91.0.4472.124 Safari/537.36"
203.0.113.45 - - [16/Jul/2025:10:47:28 +0000] "GET /backup/ HTTP/1.1" 500 157 "-" "Mozilla/5.0 (compatible; Bot)"
198.51.100.50 - - [16/Jul/2025:10:47:29 +0000] "GET /search HTTP/1.1" 200 921 "-" "python-requests/2.28.0"
10.0.0.10 - - [16/Jul/2025:10:47:42 +0000] "GET / HTTP/1.1" 404 4165 "http://example.com/" "Mozilla/5.0 (Macintosh; Intel Mac OS X 10_15_7) AppleWebKit/537.36 (KHTML, like Gecko) Chrome/91.0.4472.124 Safari/537.36"
192.168.1.1 - - [16/Jul/2025:10:47:44 +0000] "GET /contact HTTP/1.1" 200 3749 "http://example.com/" "Mozilla/5.0 (Windows NT 10.0; Win64; x64) AppleWebKit/537.36 (KHTML, like Gecko) Chrome/91.0.4472.124 Safari/537.36"
203.0.113.200 - - [16/Jul/2025:10:47:55 +0000] "GET / HTTP/1.1" 200 373 "-" "Mozilla/5.0 (compatible; Googlebot/2.1; +http://www.google.com/bot.html)"
198.51.100.50 - - [16/Jul/2025:10:48:10 +0000] "GET / HTTP/1.1" 200 913 "-" "Mozilla/5.0 (compatible; bingbot/2.0; +http://www.bing.com/bingbot.htm)"
203.0.113.45 - - [16/Jul/2025:10:48:19 +0000] "GET /config.php HTTP/1.1" 403 740 "-" "Mozilla/5.0 (compatible; Bot)"
198.51.100.10 - - [16/Jul/2025:10:48:23 +0000] "GET /wp-admin/ HTTP/1.1" 500 976 "-" "Mozilla/5.0 (compatible; Googlebot/2.1; +http://www.google.com/bot.html)"
192.168.1.2 - - [16/Jul/2025:10:48:27 +0000] "GET /login HTTP/1.1" 200 1017 "http://example.com/" "Mozilla/5.0 (Windows NT 10.0; Win64; x64) AppleWebKit/537.36 (KHTML, like Gecko) Chrome/91.0.4472.124 Safari/537.36"
192.168.1.3 - - [16/Jul/2025:10:48:36 +0000] "GET /login HTTP/1.1" 200 2937 "http://example.com/" "Mozilla/5.0 (Windows NT 10.0; Win64; x64) AppleWebKit/537.36 (KHTML, like Gecko) Chrome/91.0.4472.124 Safari/537.36"
192.168.1.2 - - [16/Jul/2025:10:48:45 +0000] "GET /contact HTTP/1.1" 200 3511 "http://example.com/" "Mozilla/5.0 (Windows NT 10.0; Win64; x64) AppleWebKit/537.36 (KHTML, like Gecko) Chrome/91.0.4472.124 Safari/537.36"
10.0.0.10 - - [16/Jul/2025:10:48:49 +0000] "GET /search HTTP/1.1" 404 2476 "http://example.com/" "Mozilla/5.0 (Windows NT 10.0; Win64; x64) AppleWebKit/537.36 (KHTML, like Gecko) Chrome/91.0.4472.124 Safari/537.36"
192.168.1.3 - - [16/Jul/2025:10:48:49 +0000] "GET /login HTTP/1.1" 200 3270 "http://example.com/" "Mozilla/5.0 (Windows NT 10.0; Win64; x64) AppleWebKit/537.36 (KHTML, like Gecko) Chrome/91.0.4472.124 Safari/537.36"
203.0.113.100 - - [16/Jul/2025:10:49:09 +0000] "GET /admin/login HTTP/1.1" 500 986 "-" "Mozilla/5.0 (compatible; Googlebot/2.1; +http://www.google.com/bot.html)"
192.168.1.2 - - [16/Jul/2025:10:49:18 +0000] "GET /login HTTP/1.1" 404 2854 "http://example.com/" "Mozilla/5.0 (Windows NT 10.0; Win64; x64) AppleWebKit/537.36 (KHTML, like Gecko) Chrome/91.0.4472.124 Safari/537.36"
203.0.113.45 - - [16/Jul/2025:10:49:18 +0000] "GET /search HTTP/1.1" 200 804 "-" "Mozilla/5.0 (compatible; Bot)"
203.0.113.200 - - [16/Jul/2025:10:49:35 +0000] "GET /robots.txt HTTP/1.1" 500 600 "-" "curl/7.68.0"
192.168.1.1 - - [16/Jul/2025:10:49:51 +0000] "GET /contact HTTP/1.1" 200 1861 "-" "Mozilla/5.0 (iPhone; CPU iPhone OS 14_7_1 like Mac OS X) AppleWebKit/605.1.15 (KHTML, like Gecko) Version/14.1.2 Mobile/15E148 Safari/604.1"
203.0.113.45 - - [16/Jul/2025:10:49:51 +0000] "GET /.env HTTP/1.1" 404 463 "-" "curl/7.68.0"
203.0.113.200 - - [16/Jul/2025:10:50:37 +0000] "GET /admin/login HTTP/1.1" 500 852 "-" "Mozilla/5.0 (compatible; bingbot/2.0; +http://www.bing.com/bingbot.htm)"
198.51.100.50 - - [16/Jul/2025:10:50:41 +0000] "GET /search HTTP/1.1" 200 586 "-" "curl/7.68.0"
203.0.113.45 - - [16/Jul/2025:10:50:42 +0000] "GET /contact HTTP/1.1" 200 183 "-" "curl/7.68.0"
192.168.1.3 - - [16/Jul/2025:10:51:05 +0000] "GET /login HTTP/1.1" 200 2011 "-" "Mozilla/5.0 (iPhone; CPU iPhone OS 14_7_1 like Mac OS X) AppleWebKit/605.1.15 (KHTML, like Gecko) Version/14.1.2 Mobile/15E148 Safari/604.1"
203.0.113.45 - - [16/Jul/2025:10:51:14 +0000] "GET /config.php HTTP/1.1" 500 194 "-" "Mozilla/5.0 (compatible; Googlebot/2.1; +http://www.google.com/bot.html)"
192.168.1.3 - - [16/Jul/2025:10:51:23 +0000] "GET /login HTTP/1.1" 200 2348 "http://example.com/" "Mozilla/5.0 (Windows NT 10.0; Win64; x64) AppleWebKit/537.36 (KHTML, like Gecko) Chrome/91.0.4472.124 Safari/537.36"
203.0.113.100 - - [16/Jul/2025:10:51:23 +0000] "GET /index.html HTTP/1.1" 200 520 "-" "python-requests/2.28.0"
203.0.113.200 - - [16/Jul/2025:10:51:27 +0000] "GET /config.php HTTP/1.1" 403 355 "-" "Mozilla/5.0 (compatible; bingbot/2.0; +http://www.bing.com/bingbot.htm)"
203.0.113.45 - - [16/Jul/2025:10:51:27 +0000] "GET /.env HTTP/1.1" 403 744 "-" "Scrapy/2.5.1"
203.0.113.45 - - [16/Jul/2025:10:51:35 +0000] "GET /about.html HTTP/1.1" 200 182 "-" "Mozilla/5.0 (compatible; Bot)"
198.51.100.10 - - [16/Jul/2025:10:51:41 +0000] "GET /login HTTP/1.1" 200 734 "-" "Mozilla/5.0 (compatible; Googlebot/2.1; +http://www.google.com/bot.html)"
203.0.113.45 - - [16/Jul/2025:10:51:50 +0000] "GET / HTTP/1.1" 200 334 "-" "curl/7.68.0"
10.0.0.5 - - [16/Jul/2025:10:51:52 +0000] "GET / HTTP/1.1" 200 3424 "-" "Mozilla/5.0 (Windows NT 10.0; Win64; x64) AppleWebKit/537.36 (KHTML, like Gecko) Chrome/91.0.4472.124 Safari/537.36"
203.0.113.200 - - [16/Jul/2025:10:51:59 +0000] "GET /robots.txt HTTP/1.1" 403 809 "-" "Mozilla/5.0 (compatible; Googlebot/2.1; +http://www.google.com/bot.html)"
203.0.113.200 - - [16/Jul/2025:10:52:19 +0000] "GET /admin/login HTTP/1.1" 404 145 "-" "Mozilla/5.0 (compatible; bingbot/2.0; +http://www.bing.com/bingbot.htm)"
203.0.113.200 - - [16/Jul/2025:10:52:21 +0000] "GET /search HTTP/1.1" 200 536 "-" "curl/7.68.0"
10.0.0.5 - - [16/Jul/2025:10:52:35 +0000] "GET /blog HTTP/1.1" 200 1151 "-" "Mozilla/5.0 (Windows NT 10.0; Win64; x64) AppleWebKit/537.36 (KHTML, like Gecko) Chrome/91.0.4472.124 Safari/537.36"
192.168.1.2 - - [16/Jul/2025:10:52:42 +0000] "GET /contact HTTP/1.1" 404 3019 "-" "Mozilla/5.0 (iPhone; CPU iPhone OS 14_7_1 like Mac OS X) AppleWebKit/605.1.15 (KHTML, like Gecko) Version/14.1.2 Mobile/15E148 Safari/604.1"
198.51.100.50 - - [16/Jul/2025:10:52:51 +0000] "GET /index.html HTTP/1.1" 200 883 "-" "Mozilla/5.0 (compatible; Bot)"
203.0.113.45 - - [16/Jul/2025:10:52:52 +0000] "GET /.env HTTP/1.1" 404 321 "-" "python-requests/2.28.0"
10.0.0.5 - - [16/Jul/2025:10:52:55 +0000] "GET /blog HTTP/1.1" 200 2798 "http://example.com/" "Mozilla/5.0 (iPhone; CPU iPhone OS 14_7_1 like Mac OS X) AppleWebKit/605.1.15 (KHTML, like Gecko) Version/14.1.2 Mobile/15E148 Safari/604.1"
198.51.100.10 - - [16/Jul/2025:10:52:55 +0000] "GET /products HTTP/1.1" 200 462 "-" "Mozilla/5.0 (compatible; Googlebot/2.1; +http://www.google.com/bot.html)"
10.0.0.10 - - [16/Jul/2025:10:53:04 +0000] "GET /products HTTP/1.1" 200 4384 "http://example.com/" "Mozilla/5.0 (Windows NT 10.0; Win64; x64) AppleWebKit/537.36 (KHTML, like Gecko) Chrome/91.0.4472.124 Safari/537.36"
198.51.100.10 - - [16/Jul/2025:10:53:09 +0000] "GET /admin/login HTTP/1.1" 404 990 "-" "Scrapy/2.5.1"
192.168.1.2 - - [16/Jul/2025:10:53:10 +0000] "GET /search HTTP/1.1" 200 1362 "-" "Mozilla/5.0 (Macintosh; Intel Mac OS X 10_15_7) AppleWebKit/537.36 (KHTML, like Gecko) Chrome/91.0.4472.124 Safari/537.36"
198.51.100.50 - - [16/Jul/2025:10:53:14 +0000] "GET /products HTTP/1.1" 200 338 "-" "python-requests/2.28.0"
203.0.113.100 - - [16/Jul/2025:10:53:19 +0000] "GET /about.html HTTP/1.1" 200 945 "-" "Scrapy/2.5.1"
203.0.113.45 - - [16/Jul/2025:10:53:38 +0000] "GET / HTTP/1.1" 200 612 "-" "Mozilla/5.0 (compatible; Googlebot/2.1; +http://www.google.com/bot.html)"
192.168.1.3 - - [16/Jul/2025:10:53:43 +0000] "GET /index.html HTTP/1.1" 404 2098 "http://example.com/" "Mozilla/5.0 (Windows NT 10.0; Win64; x64) AppleWebKit/537.36 (KHTML, like Gecko) Chrome/91.0.4472.124 Safari/537.36"
198.51.100.10 - - [16/Jul/2025:10:53:43 +0000] "GET /about.html HTTP/1.1" 200 835 "-" "Mozilla/5.0 (compatible; Bot)"
203.0.113.200 - - [16/Jul/2025:10:53:46 +0000] "GET /login HTTP/1.1" 200 262 "-" "Scrapy/2.5.1"
192.168.1.2 - - [16/Jul/2025:10:54:04 +0000] "GET /blog HTTP/1.1" 200 3581 "-" "Mozilla/5.0 (iPhone; CPU iPhone OS 14_7_1 like Mac OS X) AppleWebKit/605.1.15 (KHTML, like Gecko) Version/14.1.2 Mobile/15E148 Safari/604.1"
192.168.1.2 - - [16/Jul/2025:10:54:05 +0000] "GET /login HTTP/1.1" 200 1130 "http://example.com/" "Mozilla/5.0 (Macintosh; Intel Mac OS X 10_15_7) AppleWebKit/537.36 (KHTML, like Gecko) Chrome/91.0.4472.124 Safari/537.36"
192.168.1.1 - - [16/Jul/2025:10:54:05 +0000] "GET /login HTTP/1.1" 200 3992 "-" "Mozilla/5.0 (iPhone; CPU iPhone OS 14_7_1 like Mac OS X) AppleWebKit/605.1.15 (KHTML, like Gecko) Version/14.1.2 Mobile/15E148 Safari/604.1"
203.0.113.45 - - [16/Jul/2025:10:54:17 +0000] "GET /config.php HTTP/1.1" 404 604 "-" "Mozilla/5.0 (compatible; bingbot/2.0; +http://www.bing.com/bingbot.htm)"
198.51.100.50 - - [16/Jul/2025:10:54:32 +0000] "GET /contact HTTP/1.1" 200 906 "-" "Mozilla/5.0 (compatible; bingbot/2.0; +http://www.bing.com/bingbot.htm)"
198.51.100.10 - - [16/Jul/2025:10:54:51 +0000] "GET /index.html HTTP/1.1" 200 147 "-" "Mozilla/5.0 (compatible; Googlebot/2.1; +http://www.google.com/bot.html)"
198.51.100.10 - - [16/Jul/2025:10:54:53 +0000] "GET /search HTTP/1.1" 200 669 "-" "python-requests/2.28.0"
198.51.100.50 - - [16/Jul/2025:10:55:15 +0000] "GET /about.html HTTP/1.1" 200 576 "-" "Mozilla/5.0 (compatible; Bot)"
198.51.100.50 - - [16/Jul/2025:10:55:15 +0000] "GET / HTTP/1.1" 200 506 "-" "Scrapy/2.5.1"
203.0.113.45 - - [16/Jul/2025:10:55:20 +0000] "GET /products HTTP/1.1" 200 693 "-" "Mozilla/5.0 (compatible; bingbot/2.0; +http://www.bing.com/bingbot.htm)"
198.51.100.10 - - [16/Jul/2025:10:55:25 +0000] "GET /products HTTP/1.1" 200 789 "-" "Scrapy/2.5.1"
198.51.100.50 - - [16/Jul/2025:10:55:25 +0000] "GET /.env HTTP/1.1" 404 339 "-" "python-requests/2.28.0"
203.0.113.200 - - [16/Jul/2025:10:55:32 +0000] "GET /config.php HTTP/1.1" 500 434 "-" "curl/7.68.0"
198.51.100.50 - - [16/Jul/2025:10:55:39 +0000] "GET /robots.txt HTTP/1.1" 404 852 "-" "Mozilla/5.0 (compatible; Bot)"
192.168.1.2 - - [16/Jul/2025:10:55:46 +0000] "GET /login HTTP/1.1" 404 2892 "http://example.com/" "Mozilla/5.0 (Windows NT 10.0; Win64; x64) AppleWebKit/537.36 (KHTML, like Gecko) Chrome/91.0.4472.124 Safari/537.36"
192.168.1.3 - - [16/Jul/2025:10:55:54 +0000] "GET /about.html HTTP/1.1" 404 4838 "-" "Mozilla/5.0 (Windows NT 10.0; Win64; x64) AppleWebKit/537.36 (KHTML, like Gecko) Chrome/91.0.4472.124 Safari/537.36"
10.0.0.10 - - [16/Jul/2025:10:55:56 +0000] "GET /index.html HTTP/1.1" 200 1136 "http://example.com/" "Mozilla/5.0 (iPhone; CPU iPhone OS 14_7_1 like Mac OS X) AppleWebKit/605.1.15 (KHTML, like Gecko) Version/14.1.2 Mobile/15E148 Safari/604.1"
192.168.1.3 - - [16/Jul/2025:10:55:57 +0000] "GET /blog HTTP/1.1" 200 1795 "-" "Mozilla/5.0 (iPhone; CPU iPhone OS 14_7_1 like Mac OS X) AppleWebKit/605.1.15 (KHTML, like Gecko) Version/14.1.2 Mobile/15E148 Safari/604.1"
203.0.113.200 - - [16/Jul/2025:10:56:04 +0000] "GET /wp-admin/ HTTP/1.1" 404 105 "-" "Scrapy/2.5.1"
198.51.100.50 - - [16/Jul/2025:10:56:08 +0000] "GET / HTTP/1.1" 200 724 "-" "Scrapy/2.5.1"
192.168.1.1 - - [16/Jul/2025:10:56:13 +0000] "GET /blog HTTP/1.1" 404 2373 "-" "Mozilla/5.0 (Windows NT 10.0; Win64; x64) AppleWebKit/537.36 (KHTML, like Gecko) Chrome/91.0.4472.124 Safari/537.36"
203.0.113.45 - - [16/Jul/2025:10:56:21 +0000] "GET /login HTTP/1.1" 200 607 "-" "Mozilla/5.0 (compatible; Bot)"
198.51.100.50 - - [16/Jul/2025:10:56:29 +0000] "GET /blog HTTP/1.1" 200 265 "-" "Mozilla/5.0 (compatible; Bot)"
198.51.100.10 - - [16/Jul/2025:10:56:37 +0000] "GET /index.html HTTP/1.1" 200 839 "-" "curl/7.68.0"
203.0.113.100 - - [16/Jul/2025:10:56:39 +0000] "GET /contact HTTP/1.1" 200 789 "-" "curl/7.68.0"
192.168.1.2 - - [16/Jul/2025:10:56:49 +0000] "GET /about.html HTTP/1.1" 404 4538 "http://example.com/" "Mozilla/5.0 (Windows NT 10.0; Win64; x64) AppleWebKit/537.36 (KHTML, like Gecko) Chrome/91.0.4472.124 Safari/537.36"
203.0.113.100 - - [16/Jul/2025:10:56:49 +0000] "GET /wp-admin/ HTTP/1.1" 403 445 "-" "python-requests/2.28.0"
203.0.113.100 - - [16/Jul/2025:10:56:52 +0000] "GET /about.html HTTP/1.1" 200 461 "-" "Mozilla/5.0 (compatible; bingbot/2.0; +http://www.bing.com/bingbot.htm)"
203.0.113.45 - - [16/Jul/2025:10:57:02 +0000] "GET /about.html HTTP/1.1" 200 944 "-" "python-requests/2.28.0"
203.0.113.45 - - [16/Jul/2025:10:57:05 +0000] "GET /sitemap.xml HTTP/1.1" 404 794 "-" "Mozilla/5.0 (compatible; Googlebot/2.1; +http://www.google.com/bot.html)"
198.51.100.10 - - [16/Jul/2025:10:57:20 +0000] "GET /robots.txt HTTP/1.1" 500 684 "-" "Mozilla/5.0 (compatible; bingbot/2.0; +http://www.bing.com/bingbot.htm)"
10.0.0.10 - - [16/Jul/2025:10:57:28 +0000] "GET /products HTTP/1.1" 404 4430 "http://example.com/" "Mozilla/5.0 (Windows NT 10.0; Win64; x64) AppleWebKit/537.36 (KHTML, like Gecko) Chrome/91.0.4472.124 Safari/537.36"
198.51.100.10 - - [16/Jul/2025:10:57:33 +0000] "GET /blog HTTP/1.1" 200 826 "-" "Mozilla/5.0 (compatible; bingbot/2.0; +http://www.bing.com/bingbot.htm)"
203.0.113.45 - - [16/Jul/2025:10:57:49 +0000] "GET /blog HTTP/1.1" 200 921 "-" "python-requests/2.28.0"
192.168.1.3 - - [16/Jul/2025:10:57:54 +0000] "GET /about.html HTTP/1.1" 200 1754 "http://example.com/" "Mozilla/5.0 (Macintosh; Intel Mac OS X 10_15_7) AppleWebKit/537.36 (KHTML, like Gecko) Chrome/91.0.4472.124 Safari/537.36"
10.0.0.5 - - [16/Jul/2025:10:58:08 +0000] "GET /index.html HTTP/1.1" 404 4435 "http://example.com/" "Mozilla/5.0 (iPhone; CPU iPhone OS 14_7_1 like Mac OS X) AppleWebKit/605.1.15 (KHTML, like Gecko) Version/14.1.2 Mobile/15E148 Safari/604.1"
203.0.113.200 - - [16/Jul/2025:10:58:17 +0000] "GET /blog HTTP/1.1" 200 107 "-" "curl/7.68.0"
203.0.113.200 - - [16/Jul/2025:10:58:23 +0000] "GET /login HTTP/1.1" 200 664 "-" "Mozilla/5.0 (compatible; Googlebot/2.1; +http://www.google.com/bot.html)"
198.51.100.50 - - [16/Jul/2025:10:58:29 +0000] "GET /robots.txt HTTP/1.1" 404 207 "-" "python-requests/2.28.0"
198.51.100.10 - - [16/Jul/2025:10:58:31 +0000] "GET /admin/login HTTP/1.1" 500 491 "-" "Mozilla/5.0 (compatible; Bot)"
203.0.113.100 - - [16/Jul/2025:10:58:34 +0000] "GET /index.html HTTP/1.1" 200 582 "-" "python-requests/2.28.0"
198.51.100.50 - - [16/Jul/2025:10:58:35 +0000] "GET /admin/login HTTP/1.1" 500 138 "-" "Mozilla/5.0 (compatible; bingbot/2.0; +http://www.bing.com/bingbot.htm)"
203.0.113.100 - - [16/Jul/2025:10:58:36 +0000] "GET / HTTP/1.1" 200 270 "-" "Mozilla/5.0 (compatible; bingbot/2.0; +http://www.bing.com/bingbot.htm)"
198.51.100.10 - - [16/Jul/2025:10:58:37 +0000] "GET /about.html HTTP/1.1" 200 141 "-" "python-requests/2.28.0"
192.168.1.2 - - [16/Jul/2025:10:58:57 +0000] "GET /contact HTTP/1.1" 200 4136 "http://example.com/" "Mozilla/5.0 (Windows NT 10.0; Win64; x64) AppleWebKit/537.36 (KHTML, like Gecko) Chrome/91.0.4472.124 Safari/537.36"
10.0.0.5 - - [16/Jul/2025:10:59:00 +0000] "GET /about.html HTTP/1.1" 200 1628 "http://example.com/" "Mozilla/5.0 (Windows NT 10.0; Win64; x64) AppleWebKit/537.36 (KHTML, like Gecko) Chrome/91.0.4472.124 Safari/537.36"
10.0.0.10 - - [16/Jul/2025:10:59:07 +0000] "GET /contact HTTP/1.1" 200 3504 "http://example.com/" "Mozilla/5.0 (Macintosh; Intel Mac OS X 10_15_7) AppleWebKit/537.36 (KHTML, like Gecko) Chrome/91.0.4472.124 Safari/537.36"
203.0.113.200 - - [16/Jul/2025:10:59:07 +0000] "GET /backup/ HTTP/1.1" 500 388 "-" "curl/7.68.0"
198.51.100.50 - - [16/Jul/2025:10:59:08 +0000] "GET /config.php HTTP/1.1" 500 807 "-" "Scrapy/2.5.1"
198.51.100.50 - - [16/Jul/2025:10:59:11 +0000] "GET /blog HTTP/1.1" 200 202 "-" "curl/7.68.0"
192.168.1.1 - - [16/Jul/2025:10:59:12 +0000] "GET /contact HTTP/1.1" 200 4904 "http://example.com/" "Mozilla/5.0 (Macintosh; Intel Mac OS X 10_15_7) AppleWebKit/537.36 (KHTML, like Gecko) Chrome/91.0.4472.124 Safari/537.36"
203.0.113.100 - - [16/Jul/2025:10:59:13 +0000] "GET /config.php HTTP/1.1" 500 174 "-" "Mozilla/5.0 (compatible; bingbot/2.0; +http://www.bing.com/bingbot.htm)"
203.0.113.45 - - [16/Jul/2025:10:59:23 +0000] "GET /products HTTP/1.1" 200 275 "-" "Mozilla/5.0 (compatible; Googlebot/2.1; +http://www.google.com/bot.html)"
192.168.1.1 - - [16/Jul/2025:10:59:29 +0000] "GET /search HTTP/1.1" 200 1604 "http://example.com/" "Mozilla/5.0 (iPhone; CPU iPhone OS 14_7_1 like Mac OS X) AppleWebKit/605.1.15 (KHTML, like Gecko) Version/14.1.2 Mobile/15E148 Safari/604.1"
198.51.100.50 - - [16/Jul/2025:10:59:30 +0000] "GET /wp-admin/ HTTP/1.1" 403 848 "-" "curl/7.68.0"
203.0.113.45 - - [16/Jul/2025:10:59:34 +0000] "GET /about.html HTTP/1.1" 200 718 "-" "Mozilla/5.0 (compatible; Bot)"
203.0.113.100 - - [16/Jul/2025:10:59:41 +0000] "GET /products HTTP/1.1" 200 997 "-" "Mozilla/5.0 (compatible; bingbot/2.0; +http://www.bing.com/bingbot.htm)"
192.168.1.3 - - [16/Jul/2025:10:59:47 +0000] "GET /about.html HTTP/1.1" 200 1181 "http://example.com/" "Mozilla/5.0 (iPhone; CPU iPhone OS 14_7_1 like Mac OS X) AppleWebKit/605.1.15 (KHTML, like Gecko) Version/14.1.2 Mobile/15E148 Safari/604.1"
10.0.0.5 - - [16/Jul/2025:10:59:52 +0000] "GET /search HTTP/1.1" 200 4117 "http://example.com/" "Mozilla/5.0 (Windows NT 10.0; Win64; x64) AppleWebKit/537.36 (KHTML, like Gecko) Chrome/91.0.4472.124 Safari/537.36"
203.0.113.100 - - [16/Jul/2025:10:59:58 +0000] "GET /wp-admin/ HTTP/1.1" 403 979 "-" "curl/7.68.0"