192.168.1.2 - - [16/Jul/2025:10:00:13 +0000] "GET /products HTTP/1.1" 200 1805 "http://example.com/" "Mozilla/5.0 (Macintosh; Intel Mac OS X 10_15_7) AppleWebKit/537.36 (KHTML, like Gecko) Chrome/91.0.4472.124 Safari/537.36"
203.0.113.200 - - [16/Jul/2025:10:00:14 +0000] "GET /index.html HTTP/1.1" 200 104 "-" "Scrapy/2.5.1"
203.0.113.200 - - [16/Jul/2025:10:00:16 +0000] "GET /login HTTP/1.1" 200 752 "-" "Mozilla/5.0 (compatible; Googlebot/2.1; +http://www.google.com/bot.html)"
203.0.113.100 - - [16/Jul/2025:10:00:38 +0000] "GET /login HTTP/1.1" 200 884 "-" "Mozilla/5.0 (compatible; Bot)"
198.51.100.50 - - [16/Jul/2025:10:00:38 +0000] "GET /config.php HTTP/1.1" 500 606 "-" "curl/7.68.0"
203.0.113.45 - - [16/Jul/2025:10:00:42 +0000] "GET /index.html HTTP/1.1" 200 471 "-" "Scrapy/2.5.1"
192.168.1.1 - - [16/Jul/2025:10:00:43 +0000] "GET /products HTTP/1.1" 200 3068 "http://example.com/" "Mozilla/5.0 (Windows NT 10.0; Win64; x64) AppleWebKit/537.36 (KHTML, like Gecko) Chrome/91.0.4472.124 Safari/537.36"
203.0.113.100 - - [16/Jul/2025:10:00:49 +0000] "GET /about.html HTTP/1.1" 200 333 "-" "curl/7.68.0"
203.0.113.45 - - [16/Jul/2025:10:00:49 +0000] "GET /blog HTTP/1.1" 200 299 "-" "Mozilla/5.0 (compatible; Googlebot/2.1; +http://www.google.com/bot.html)"
203.0.113.45 - - [16/Jul/2025:10:00:50 +0000] "GET /backup/ HTTP/1.1" 404 399 "-" "Mozilla/5.0 (compatible; Googlebot/2.1; +http://www.google.com/bot.html)"
203.0.113.100 - - [16/Jul/2025:10:00:53 +0000] "GET /robots.txt HTTP/1.1" 500 195 "-" "Mozilla/5.0 (compatible; bingbot/2.0; +http://www.bing.com/bingbot.htm)"
10.0.0.10 - - [16/Jul/2025:10:00:55 +0000] "GET /login HTTP/1.1" 200 4301 "http://example.com/" "Mozilla/5.0 (Macintosh; Intel Mac OS X 10_15_7) AppleWebKit/537.36 (KHTML, like Gecko) Chrome/91.0.4472.124 Safari/537.36"
203.0.113.200 - - [16/Jul/2025:10:01:05 +0000] "GET /blog HTTP/1.1" 200 771 "-" "Mozilla/5.0 (compatible; bingbot/2.0; +http://www.bing.com/bingbot.htm)"
203.0.113.100 - - [16/Jul/2025:10:01:30 +0000] "GET /sitemap.xml HTTP/1.1" 500 591 "-" "curl/7.68.0"
192.168.1.3 - - [16/Jul/2025:10:01:41 +0000] "GET /about.html HTTP/1.1" 200 3912 "http://example.com/" "Mozilla/5.0 (Macintosh; Intel Mac OS X 10_15_7) AppleWebKit/537.36 (KHTML, like Gecko) Chrome/91.0.4472.124 Safari/537.36"
203.0.113.45 - - [16/Jul/2025:10:01:46 +0000] "GET /blog HTTP/1.1" 200 832 "-" "python-requests/2.28.0"
203.0.113.200 - - [16/Jul/2025:10:02:00 +0000] "GET /products HTTP/1.1" 200 637 "-" "Mozilla/5.0 (compatible; Bot)"
10.0.0.10 - - [16/Jul/2025:10:02:01 +0000] "GET /index.html HTTP/1.1" 200 3959 "-" "Mozilla/5.0 (Macintosh; Intel Mac OS X 10_15_7) AppleWebKit/537.36 (KHTML, like Gecko) Chrome/91.0.4472.124 Safari/537.36"
192.168.1.2 - - [16/Jul/2025:10:02:03 +0000] "GET /contact HTTP/1.1" 404 1665 "-" "Mozilla/5.0 (Windows NT 10.0; Win64; x64) AppleWebKit/537.36 (KHTML, like Gecko) Chrome/91.0.4472.124 Safari/537.36"
198.51.100.50 - - [16/Jul/2025:10:02:09 +0000] "GET /contact HTTP/1.1" 200 362 "-" "Mozilla/5.0 (compatible; Googlebot/2.1; +http://www.google.com/bot.html)"
192.168.1.2 - - [16/Jul/2025:10:02:27 +0000] "GET /login HTTP/1.1" 200 4466 "http://example.com/" "Mozilla/5.0 (Macintosh; Intel Mac OS X 10_15_7) AppleWebKit/537.36 (KHTML, like Gecko) Chrome/91.0.4472.124 Safari/537.36"
198.51.100.10 - - [16/Jul/2025:10:02:47 +0000] "GET / HTTP/1.1" 200 587 "-" "Mozilla/5.0 (compatible; bingbot/2.0; +http://www.bing.com/bingbot.htm)"
198.51.100.50 - - [16/Jul/2025:10:02:48 +0000] "GET / HTTP/1.1" 200 787 "-" "Mozilla/5.0 (compatible; bingbot/2.0; +http://www.bing.com/bingbot.htm)"
203.0.113.45 - - [16/Jul/2025:10:02:51 +0000] "GET /wp-admin/ HTTP/1.1" 403 333 "-" "python-requests/2.28.0"
192.168.1.1 - - [16/Jul/2025:10:02:52 +0000] "GET /products HTTP/1.1" 200 3535 "-" "Mozilla/5.0 (iPhone; CPU iPhone OS 14_7_1 like Mac OS X) AppleWebKit/605.1.15 (KHTML, like Gecko) Version/14.1.2 Mobile/15E148 Safari/604.1"
203.0.113.45 - - [16/Jul/2025:10:03:00 +0000] "GET /backup/ HTTP/1.1" 500 482 "-" "Scrapy/2.5.1"
10.0.0.5 - - [16/Jul/2025:10:03:01 +0000] "GET / HTTP/1.1" 200 3782 "http://example.com/" "Mozilla/5.0 (Macintosh; Intel Mac OS X 10_15_7) AppleWebKit/537.36 (KHTML, like Gecko) Chrome/91.0.4472.124 Safari/537.36"
198.51.100.10 - - [16/Jul/2025:10:03:01 +0000] "GET /config.php HTTP/1.1" 500 716 "-" "Scrapy/2.5.1"
203.0.113.45 - - [16/Jul/2025:10:03:03 +0000] "GET /.env HTTP/1.1" 403 819 "-" "python-requests/2.28.0"
203.0.113.45 - - [16/Jul/2025:10:03:16 +0000] "GET /config.php HTTP/1.1" 404 147 "-" "Scrapy/2.5.1"
192.168.1.1 - - [16/Jul/2025:10:03:34 +0000] "GET /login HTTP/1.1" 200 4794 "http://example.com/" "Mozilla/5.0 (Windows NT 10.0; Win64; x64) AppleWebKit/537.36 (KHTML, like Gecko) Chrome/91.0.4472.124 Safari/537.36"
203.0.113.200 - - [16/Jul/2025:10:03:46 +0000] "GET /login HTTP/1.1" 200 531 "-" "Scrapy/2.5.1"
10.0.0.5 - - [16/Jul/2025:10:03:47 +0000] "GET /about.html HTTP/1.1" 200 4450 "http://example.com/" "Mozilla/5.0 (Windows NT 10.0; Win64; x64) AppleWebKit/537.36 (KHTML, like Gecko) Chrome/91.0.4472.124 Safari/537.36"
203.0.113.45 - - [16/Jul/2025:10:03:53 +0000] "GET /config.php HTTP/1.1" 500 550 "-" "Mozilla/5.0 (compatible; Bot)"
203.0.113.45 - - [16/Jul/2025:10:04:03 +0000] "GET /admin/login HTTP/1.1" 403 582 "-" "curl/7.68.0"
192.168.1.1 - - [16/Jul/2025:10:04:06 +0000] "GET /index.html HTTP/1.1" 200 2982 "http://example.com/" "Mozilla/5.0 (Windows NT 10.0; Win64; x64) AppleWebKit/537.36 (KHTML, like Gecko) Chrome/91.0.4472.124 Safari/537.36"
192.168.1.3 - - [16/Jul/2025:10:04:11 +0000] "GET /products HTTP/1.1" 200 4115 "http://example.com/" "Mozilla/5.0 (Windows NT 10.0; Win64; x64) AppleWebKit/537.36 (KHTML, like Gecko) Chrome/91.0.4472.124 Safari/537.36"
10.0.0.10 - - [16/Jul/2025:10:04:16 +0000] "GET /index.html HTTP/1.1" 200 3381 "-" "Mozilla/5.0 (Macintosh; Intel Mac OS X 10_15_7) AppleWebKit/537.36 (KHTML, like Gecko) Chrome/91.0.4472.124 Safari/537.36"
10.0.0.5 - - [16/Jul/2025:10:04:22 +0000] "GET /index.html HTTP/1.1" 200 4888 "http://example.com/" "Mozilla/5.0 (Macintosh; Intel Mac OS X 10_15_7) AppleWebKit/537.36 (KHTML, like Gecko) Chrome/91.0.4472.124 Safari/537.36"
192.168.1.2 - - [16/Jul/2025:10:04:23 +0000] "GET /index.html HTTP/1.1" 404 2309 "-" "Mozilla/5.0 (Macintosh; Intel Mac OS X 10_15_7) AppleWebKit/537.36 (KHTML, like Gecko) Chrome/91.0.4472.124 Safari/537.36"
10.0.0.5 - - [16/Jul/2025:10:04:34 +0000] "GET /login HTTP/1.1" 200 2834 "http://example.com/" "Mozilla/5.0 (Windows NT 10.0; Win64; x64) AppleWebKit/537.36 (KHTML, like Gecko) Chrome/91.0.4472.124 Safari/537.36"
198.51.100.50 - - [16/Jul/2025:10:04:36 +0000] "GET /blog HTTP/1.1" 200 289 "-" "curl/7.68.0"
203.0.113.45 - - [16/Jul/2025:10:04:45 +0000] "GET /products HTTP/1.1" 200 982 "-" "Mozilla/5.0 (compatible; Bot)"
192.168.1.2 - - [16/Jul/2025:10:04:46 +0000] "GET /products HTTP/1.1" 200 2673 "http://example.com/" "Mozilla/5.0 (Windows NT 10.0; Win64; x64) AppleWebKit/537.36 (KHTML, like Gecko) Chrome/91.0.4472.124 Safari/537.36"
198.51.100.10 - - [16/Jul/2025:10:04:51 +0000] "GET /admin/login HTTP/1.1" 500 608 "-" "Mozilla/5.0 (compatible; bingbot/2.0; +http://www.bing.com/bingbot.htm)"
198.51.100.50 - - [16/Jul/2025:10:04:59 +0000] "GET /backup/ HTTP/1.1" 500 361 "-" "Scrapy/2.5.1"
203.0.113.200 - - [16/Jul/2025:10:05:04 +0000] "GET /about.html HTTP/1.1" 200 881 "-" "Scrapy/2.5.1"
192.168.1.1 - - [16/Jul/2025:10:05:14 +0000] "GET / HTTP/1.1" 404 1795 "http://example.com/" "Mozilla/5.0 (Windows NT 10.0; Win64; x64) AppleWebKit/537.36 (KHTML, like Gecko) Chrome/91.0.4472.124 Safari/537.36"
198.51.100.50 - - [16/Jul/2025:10:05:16 +0000] "GET /products HTTP/1.1" 200 666 "-" "python-requests/2.28.0"
198.51.100.10 - - [16/Jul/2025:10:05:20 +0000] "GET /search HTTP/1.1" 200 192 "-" "Mozilla/5.0 (compatible; Bot)"
10.0.0.5 - - [16/Jul/2025:10:05:23 +0000] "GET /about.html HTTP/1.1" 200 1728 "-" "Mozilla/5.0 (Windows NT 10.0; Win64; x64) AppleWebKit/537.36 (KHTML, like Gecko) Chrome/91.0.4472.124 Safari/537.36"
198.51.100.50 - - [16/Jul/2025:10:05:26 +0000] "GET /index.html HTTP/1.1" 200 480 "-" "Scrapy/2.5.1"
192.168.1.2 - - [16/Jul/2025:10:05:29 +0000] "GET / HTTP/1.1" 200 3558 "-" "Mozilla/5.0 (iPhone; CPU iPhone OS 14_7_1 like Mac OS X) AppleWebKit/605.1.15 (KHTML, like Gecko) Version/14.1.2 Mobile/15E148 Safari/604.1"
203.0.113.200 - - [16/Jul/2025:10:05:48 +0000] "GET /blog HTTP/1.1" 200 729 "-" "python-requests/2.28.0"
198.51.100.50 - - [16/Jul/2025:10:05:53 +0000] "GET /robots.txt HTTP/1.1" 404 102 "-" "Mozilla/5.0 (compatible; Googlebot/2.1; +http://www.google.com/bot.html)"
192.168.1.2 - - [16/Jul/2025:10:05:58 +0000] "GET / HTTP/1.1" 200 1561 "-" "Mozilla/5.0 (iPhone; CPU iPhone OS 14_7_1 like Mac OS X) AppleWebKit/605.1.15 (KHTML, like Gecko) Version/14.1.2 Mobile/15E148 Safari/604.1"
198.51.100.10 - - [16/Jul/2025:10:06:07 +0000] "GET /robots.txt HTTP/1.1" 500 498 "-" "python-requests/2.28.0"
203.0.113.100 - - [16/Jul/2025:10:06:16 +0000] "GET / HTTP/1.1" 200 563 "-" "Mozilla/5.0 (compatible; Bot)"
203.0.113.45 - - [16/Jul/2025:10:06:20 +0000] "GET / HTTP/1.1" 200 336 "-" "Mozilla/5.0 (compatible; Bot)"
10.0.0.10 - - [16/Jul/2025:10:06:22 +0000] "GET /about.html HTTP/1.1" 200 2690 "http://example.com/" "Mozilla/5.0 (Windows NT 10.0; Win64; x64) AppleWebKit/537.36 (KHTML, like Gecko) Chrome/91.0.4472.124 Safari/537.36"
198.51.100.50 - - [16/Jul/2025:10:06:33 +0000] "GET /blog HTTP/1.1" 200 684 "-" "curl/7.68.0"
192.168.1.2 - - [16/Jul/2025:10:06:34 +0000] "GET /login HTTP/1.1" 200 2442 "-" "Mozilla/5.0 (iPhone; CPU iPhone OS 14_7_1 like Mac OS X) AppleWebKit/605.1.15 (KHTML, like Gecko) Version/14.1.2 Mobile/15E148 Safari/604.1"
10.0.0.10 - - [16/Jul/2025:10:06:37 +0000] "GET /blog HTTP/1.1" 200 1609 "http://example.com/" "Mozilla/5.0 (Windows NT 10.0; Win64; x64) AppleWebKit/537.36 (KHTML, like Gecko) Chrome/91.0.4472.124 Safari/537.36"
192.168.1.2 - - [16/Jul/2025:10:07:00 +0000] "GET /login HTTP/1.1" 200 4903 "http://example.com/" "Mozilla/5.0 (Macintosh; Intel Mac OS X 10_15_7) AppleWebKit/537.36 (KHTML, like Gecko) Chrome/91.0.4472.124 Safari/537.36"
203.0.113.45 - - [16/Jul/2025:10:07:20 +0000] "GET /contact HTTP/1.1" 200 506 "-" "Scrapy/2.5.1"
198.51.100.50 - - [16/Jul/2025:10:07:34 +0000] "GET /about.html HTTP/1.1" 200 814 "-" "Mozilla/5.0 (compatible; Googlebot/2.1; +http://www.google.com/bot.html)"
198.51.100.50 - - [16/Jul/2025:10:07:43 +0000] "GET /wp-admin/ HTTP/1.1" 403 381 "-" "Mozilla/5.0 (compatible; Googlebot/2.1; +http://www.google.com/bot.html)"
203.0.113.200 - - [16/Jul/2025:10:07:48 +0000] "GET /admin/login HTTP/1.1" 500 968 "-" "python-requests/2.28.0"
203.0.113.200 - - [16/Jul/2025:10:08:04 +0000] "GET /robots.txt HTTP/1.1" 404 872 "-" "python-requests/2.28.0"
198.51.100.50 - - [16/Jul/2025:10:08:21 +0000] "GET /admin/login HTTP/1.1" 500 601 "-" "Mozilla/5.0 (compatible; bingbot/2.0; +http://www.bing.com/bingbot.htm)"
198.51.100.10 - - [16/Jul/2025:10:08:35 +0000] "GET /wp-admin/ HTTP/1.1" 500 150 "-" "Mozilla/5.0 (compatible; Bot)"
203.0.113.45 - - [16/Jul/2025:10:08:38 +0000] "GET /search HTTP/1.1" 200 815 "-" "python-requests/2.28.0"
203.0.113.200 - - [16/Jul/2025:10:08:45 +0000] "GET /contact HTTP/1.1" 200 271 "-" "Mozilla/5.0 (compatible; Googlebot/2.1; +http://www.google.com/bot.html)"
203.0.113.200 - - [16/Jul/2025:10:08:47 +0000] "GET /wp-admin/ HTTP/1.1" 404 568 "-" "python-requests/2.28.0"
203.0.113.100 - - [16/Jul/2025:10:09:01 +0000] "GET /sitemap.xml HTTP/1.1" 500 684 "-" "python-requests/2.28.0"
203.0.113.200 - - [16/Jul/2025:10:09:09 +0000] "GET /sitemap.xml HTTP/1.1" 403 887 "-" "Mozilla/5.0 (compatible; bingbot/2.0; +http://www.bing.com/bingbot.htm)"
198.51.100.10 - - [16/Jul/2025:10:09:27 +0000] "GET / HTTP/1.1" 200 810 "-" "Mozilla/5.0 (compatible; bingbot/2.0; +http://www.bing.com/bingbot.htm)"
192.168.1.2 - - [16/Jul/2025:10:09:40 +0000] "GET /blog HTTP/1.1" 404 4236 "http://example.com/" "Mozilla/5.0 (iPhone; CPU iPhone OS 14_7_1 like Mac OS X) AppleWebKit/605.1.15 (KHTML, like Gecko) Version/14.1.2 Mobile/15E148 Safari/604.1"
192.168.1.2 - - [16/Jul/2025:10:09:49 +0000] "GET /contact HTTP/1.1" 200 1500 "http://example.com/" "Mozilla/5.0 (iPhone; CPU iPhone OS 14_7_1 like Mac OS X) AppleWebKit/605.1.15 (KHTML, like Gecko) Version/14.1.2 Mobile/15E148 Safari/604.1"
198.51.100.50 - - [16/Jul/2025:10:09:54 +0000] "GET /sitemap.xml HTTP/1.1" 500 425 "-" "Mozilla/5.0 (compatible; Bot)"
10.0.0.5 - - [16/Jul/2025:10:10:20 +0000] "GET /search HTTP/1.1" 200 4230 "-" "Mozilla/5.0 (iPhone; CPU iPhone OS 14_7_1 like Mac OS X) AppleWebKit/605.1.15 (KHTML, like Gecko) Version/14.1.2 Mobile/15E148 Safari/604.1"
192.168.1.2 - - [16/Jul/2025:10:10:20 +0000] "GET /search HTTP/1.1" 200 3328 "http://example.com/" "Mozilla/5.0 (iPhone; CPU iPhone OS 14_7_1 like Mac OS X) AppleWebKit/605.1.15 (KHTML, like Gecko) Version/14.1.2 Mobile/15E148 Safari/604.1"
10.0.0.10 - - [16/Jul/2025:10:10:27 +0000] "GET /products HTTP/1.1" 200 3439 "http://example.com/" "Mozilla/5.0 (Macintosh; Intel Mac OS X 10_15_7) AppleWebKit/537.36 (KHTML, like Gecko) Chrome/91.0.4472.124 Safari/537.36"
10.0.0.5 - - [16/Jul/2025:10:10:41 +0000] "GET /login HTTP/1.1" 200 1477 "http://example.com/" "Mozilla/5.0 (iPhone; CPU iPhone OS 14_7_1 like Mac OS X) AppleWebKit/605.1.15 (KHTML, like Gecko) Version/14.1.2 Mobile/15E148 Safari/604.1"
192.168.1.3 - - [16/Jul/2025:10:10:41 +0000] "GET /about.html HTTP/1.1" 404 3569 "http://example.com/" "Mozilla/5.0 (iPhone; CPU iPhone OS 14_7_1 like Mac OS X) AppleWebKit/605.1.15 (KHTML, like Gecko) Version/14.1.2 Mobile/15E148 Safari/604.1"
192.168.1.1 - - [16/Jul/2025:10:10:51 +0000] "GET /blog HTTP/1.1" 404 3291 "-" "Mozilla/5.0 (Windows NT 10.0; Win64; x64) AppleWebKit/537.36 (KHTML, like Gecko) Chrome/91.0.4472.124 Safari/537.36"
10.0.0.5 - - [16/Jul/2025:10:10:51 +0000] "GET /blog HTTP/1.1" 200 1362 "-" "Mozilla/5.0 (iPhone; CPU iPhone OS 14_7_1 like Mac OS X) AppleWebKit/605.1.15 (KHTML, like Gecko) Version/14.1.2 Mobile/15E148 Safari/604.1"
198.51.100.10 - - [16/Jul/2025:10:10:51 +0000] "GET /contact HTTP/1.1" 200 805 "-" "curl/7.68.0"
192.168.1.3 - - [16/Jul/2025:10:11:02 +0000] "GET /index.html HTTP/1.1" 200 3007 "http://example.com/" "Mozilla/5.0 (iPhone; CPU iPhone OS 14_7_1 like Mac OS X) AppleWebKit/605.1.15 (KHTML, like Gecko) Version/14.1.2 Mobile/15E148 Safari/604.1"
203.0.113.100 - - [16/Jul/2025:10:11:34 +0000] "GET /.env HTTP/1.1" 404 322 "-" "Mozilla/5.0 (compatible; Googlebot/2.1; +http://www.google.com/bot.html)"
192.168.1.1 - - [16/Jul/2025:10:11:35 +0000] "GET /search HTTP/1.1" 200 3697 "http://example.com/" "Mozilla/5.0 (Windows NT 10.0; Win64; x64) AppleWebKit/537.36 (KHTML, like Gecko) Chrome/91.0.4472.124 Safari/537.36"
203.0.113.100 - - [16/Jul/2025:10:11:39 +0000] "GET /index.html HTTP/1.1" 200 316 "-" "python-requests/2.28.0"
203.0.113.100 - - [16/Jul/2025:10:11:42 +0000] "GET /sitemap.xml HTTP/1.1" 500 766 "-" "Mozilla/5.0 (compatible; bingbot/2.0; +http://www.bing.com/bingbot.htm)"
192.168.1.3 - - [16/Jul/2025:10:11:47 +0000] "GET /login HTTP/1.1" 200 1341 "http://example.com/" "Mozilla/5.0 (Windows NT 10.0; Win64; x64) AppleWebKit/537.36 (KHTML, like Gecko) Chrome/91.0.4472.124 Safari/537.36"
198.51.100.10 - - [16/Jul/2025:10:12:02 +0000] "GET /login HTTP/1.1" 200 244 "-" "Mozilla/5.0 (compatible; bingbot/2.0; +http://www.bing.com/bingbot.htm)"
198.51.100.10 - - [16/Jul/2025:10:12:16 +0000] "GET /index.html HTTP/1.1" 200 398 "-" "python-requests/2.28.0"
203.0.113.200 - - [16/Jul/2025:10:12:21 +0000] "GET /login HTTP/1.1" 200 645 "-" "Mozilla/5.0 (compatible; bingbot/2.0; +http://www.bing.com/bingbot.htm)"
192.168.1.1 - - [16/Jul/2025:10:12:24 +0000] "GET /blog HTTP/1.1" 200 1274 "-" "Mozilla/5.0 (Macintosh; Intel Mac OS X 10_15_7) AppleWebKit/537.36 (KHTML, like Gecko) Chrome/91.0.4472.124 Safari/537.36"
203.0.113.200 - - [16/Jul/2025:10:12:29 +0000] "GET /.env HTTP/1.1" 500 546 "-" "Mozilla/5.0 (compatible; bingbot/2.0; +http://www.bing.com/bingbot.htm)"
198.51.100.10 - - [16/Jul/2025:10:12:44 +0000] "GET /search HTTP/1.1" 200 808 "-" "Mozilla/5.0 (compatible; Bot)"
198.51.100.10 - - [16/Jul/2025:10:12:53 +0000] "GET /wp-admin/ HTTP/1.1" 500 142 "-" "curl/7.68.0"
192.168.1.2 - - [16/Jul/2025:10:12:54 +0000] "GET /index.html HTTP/1.1" 200 4822 "-" "Mozilla/5.0 (Windows NT 10.0; Win64; x64) AppleWebKit/537.36 (KHTML, like Gecko) Chrome/91.0.4472.124 Safari/537.36"
192.168.1.1 - - [16/Jul/2025:10:12:56 +0000] "GET /contact HTTP/1.1" 200 2501 "-" "Mozilla/5.0 (Macintosh; Intel Mac OS X 10_15_7) AppleWebKit/537.36 (KHTML, like Gecko) Chrome/91.0.4472.124 Safari/537.36"
198.51.100.10 - - [16/Jul/2025:10:13:02 +0000] "GET /products HTTP/1.1" 200 239 "-" "python-requests/2.28.0"
10.0.0.5 - - [16/Jul/2025:10:13:04 +0000] "GET /index.html HTTP/1.1" 200 1843 "http://example.com/" "Mozilla/5.0 (Macintosh; Intel Mac OS X 10_15_7) AppleWebKit/537.36 (KHTML, like Gecko) Chrome/91.0.4472.124 Safari/537.36"
10.0.0.5 - - [16/Jul/2025:10:13:09 +0000] "GET /products HTTP/1.1" 200 3854 "http://example.com/" "Mozilla/5.0 (Macintosh; Intel Mac OS X 10_15_7) AppleWebKit/537.36 (KHTML, like Gecko) Chrome/91.0.4472.124 Safari/537.36"
192.168.1.3 - - [16/Jul/2025:10:13:20 +0000] "GET /search HTTP/1.1" 200 3388 "http://example.com/" "Mozilla/5.0 (Macintosh; Intel Mac OS X 10_15_7) AppleWebKit/537.36 (KHTML, like Gecko) Chrome/91.0.4472.124 Safari/537.36"
203.0.113.100 - - [16/Jul/2025:10:13:22 +0000] "GET /products HTTP/1.1" 200 957 "-" "python-requests/2.28.0"
192.168.1.2 - - [16/Jul/2025:10:13:34 +0000] "GET /about.html HTTP/1.1" 200 2020 "http://example.com/" "Mozilla/5.0 (Windows NT 10.0; Win64; x64) AppleWebKit/537.36 (KHTML, like Gecko) Chrome/91.0.4472.124 Safari/537.36"
198.51.100.50 - - [16/Jul/2025:10:13:49 +0000] "GET /.env HTTP/1.1" 403 784 "-" "Mozilla/5.0 (compatible; bingbot/2.0; +http://www.bing.com/bingbot.htm)"
192.168.1.1 - - [16/Jul/2025:10:14:02 +0000] "GET /login HTTP/1.1" 200 2486 "-" "Mozilla/5.0 (Windows NT 10.0; Win64; x64) AppleWebKit/537.36 (KHTML, like Gecko) Chrome/91.0.4472.124 Safari/537.36"
198.51.100.10 - - [16/Jul/2025:10:14:06 +0000] "GET /index.html HTTP/1.1" 200 697 "-" "Mozilla/5.0 (compatible; bingbot/2.0; +http://www.bing.com/bingbot.htm)"
198.51.100.10 - - [16/Jul/2025:10:14:12 +0000] "GET /config.php HTTP/1.1" 403 270 "-" "Scrapy/2.5.1"
10.0.0.5 - - [16/Jul/2025:10:14:20 +0000] "GET / HTTP/1.1" 200 4566 "http://example.com/" "Mozilla/5.0 (Macintosh; Intel Mac OS X 10_15_7) AppleWebKit/537.36 (KHTML, like Gecko) Chrome/91.0.4472.124 Safari/537.36"
198.51.100.50 - - [16/Jul/2025:10:14:24 +0000] "GET /robots.txt HTTP/1.1" 404 698 "-" "Mozilla/5.0 (compatible; bingbot/2.0; +http://www.bing.com/bingbot.htm)"
10.0.0.5 - - [16/Jul/2025:10:14:43 +0000] "GET /search HTTP/1.1" 200 1378 "http://example.com/" "Mozilla/5.0 (Macintosh; Intel Mac OS X 10_15_7) AppleWebKit/537.36 (KHTML, like Gecko) Chrome/91.0.4472.124 Safari/537.36"
203.0.113.200 - - [16/Jul/2025:10:14:45 +0000] "GET /contact HTTP/1.1" 200 167 "-" "python-requests/2.28.0"
203.0.113.100 - - [16/Jul/2025:10:15:04 +0000] "GET /about.html HTTP/1.1" 200 870 "-" "Mozilla/5.0 (compatible; bingbot/2.0; +http://www.bing.com/bingbot.htm)"
198.51.100.10 - - [16/Jul/2025:10:15:13 +0000] "GET /admin/login HTTP/1.1" 404 293 "-" "Mozilla/5.0 (compatible; Googlebot/2.1; +http://www.google.com/bot.html)"
198.51.100.50 - - [16/Jul/2025:10:15:23 +0000] "GET /contact HTTP/1.1" 200 316 "-" "curl/7.68.0"
203.0.113.200 - - [16/Jul/2025:10:15:35 +0000] "GET /admin/login HTTP/1.1" 404 484 "-" "python-requests/2.28.0"
192.168.1.2 - - [16/Jul/2025:10:15:38 +0000] "GET /products HTTP/1.1" 200 3745 "-" "Mozilla/5.0 (Windows NT 10.0; Win64; x64) AppleWebKit/537.36 (KHTML, like Gecko) Chrome/91.0.4472.124 Safari/537.36"
203.0.113.200 - - [16/Jul/2025:10:15:46 +0000] "GET /robots.txt HTTP/1.1" 500 844 "-" "python-requests/2.28.0"
198.51.100.50 - - [16/Jul/2025:10:15:51 +0000] "GET /contact HTTP/1.1" 200 955 "-" "python-requests/2.28.0"
192.168.1.1 - - [16/Jul/2025:10:15:55 +0000] "GET /about.html HTTP/1.1" 200 1495 "-" "Mozilla/5.0 (Macintosh; Intel Mac OS X 10_15_7) AppleWebKit/537.36 (KHTML, like Gecko) Chrome/91.0.4472.124 Safari/537.36"
203.0.113.45 - - [16/Jul/2025:10:16:07 +0000] "GET /wp-admin/ HTTP/1.1" 404 360 "-" "python-requests/2.28.0"
10.0.0.5 - - [16/Jul/2025:10:16:10 +0000] "GET /blog HTTP/1.1" 200 2332 "http://example.com/" "Mozilla/5.0 (Windows NT 10.0; Win64; x64) AppleWebKit/537.36 (KHTML, like Gecko) Chrome/91.0.4472.124 Safari/537.36"
198.51.100.10 - - [16/Jul/2025:10:16:15 +0000] "GET / HTTP/1.1" 200 647 "-" "Mozilla/5.0 (compatible; Googlebot/2.1; +http://www.google.com/bot.html)"
198.51.100.50 - - [16/Jul/2025:10:16:15 +0000] "GET /robots.txt HTTP/1.1" 403 706 "-" "Mozilla/5.0 (compatible; bingbot/2.0; +http://www.bing.com/bingbot.htm)"
10.0.0.5 - - [16/Jul/2025:10:16:18 +0000] "GET / HTTP/1.1" 200 1968 "http://example.com/" "Mozilla/5.0 (Windows NT 10.0; Win64; x64) AppleWebKit/537.36 (KHTML, like Gecko) Chrome/91.0.4472.124 Safari/537.36"
203.0.113.100 - - [16/Jul/2025:10:16:19 +0000] "GET /index.html HTTP/1.1" 200 862 "-" "Mozilla/5.0 (compatible; Bot)"
203.0.113.200 - - [16/Jul/2025:10:16:30 +0000] "GET /contact HTTP/1.1" 200 922 "-" "python-requests/2.28.0"
203.0.113.45 - - [16/Jul/2025:10:16:38 +0000] "GET /search HTTP/1.1" 200 495 "-" "Mozilla/5.0 (compatible; Bot)"
203.0.113.45 - - [16/Jul/2025:10:16:39 +0000] "GET /blog HTTP/1.1" 200 501 "-" "Mozilla/5.0 (compatible; Googlebot/2.1; +http://www.google.com/bot.html)"
192.168.1.2 - - [16/Jul/2025:10:17:07 +0000] "GET /search HTTP/1.1" 200 3785 "-" "Mozilla/5.0 (Windows NT 10.0; Win64; x64) AppleWebKit/537.36 (KHTML, like Gecko) Chrome/91.0.4472.124 Safari/537.36"
203.0.113.200 - - [16/Jul/2025:10:17:07 +0000] "GET /products HTTP/1.1" 200 966 "-" "Mozilla/5.0 (compatible; Bot)"
10.0.0.10 - - [16/Jul/2025:10:17:21 +0000] "GET /about.html HTTP/1.1" 200 3444 "-" "Mozilla/5.0 (Macintosh; Intel Mac OS X 10_15_7) AppleWebKit/537.36 (KHTML, like Gecko) Chrome/91.0.4472.124 Safari/537.36"
198.51.100.10 - - [16/Jul/2025:10:17:21 +0000] "GET /config.php HTTP/1.1" 404 257 "-" "curl/7.68.0"
203.0.113.200 - - [16/Jul/2025:10:17:25 +0000] "GET /contact HTTP/1.1" 200 832 "-" "curl/7.68.0"
10.0.0.5 - - [16/Jul/2025:10:17:28 +0000] "GET /search HTTP/1.1" 200 1978 "http://example.com/" "Mozilla/5.0 (Macintosh; Intel Mac OS X 10_15_7) AppleWebKit/537.36 (KHTML, like Gecko) Chrome/91.0.4472.124 Safari/537.36"
198.51.100.50 - - [16/Jul/2025:10:17:30 +0000] "GET /config.php HTTP/1.1" 404 726 "-" "Mozilla/5.0 (compatible; bingbot/2.0; +http://www.bing.com/bingbot.htm)"
192.168.1.1 - - [16/Jul/2025:10:17:33 +0000] "GET /about.html HTTP/1.1" 404 3418 "http://example.com/" "Mozilla/5.0 (Windows NT 10.0; Win64; x64) AppleWebKit/537.36 (KHTML, like Gecko) Chrome/91.0.4472.124 Safari/537.36"
10.0.0.5 - - [16/Jul/2025:10:17:52 +0000] "GET /search HTTP/1.1" 200 3759 "http://example.com/" "Mozilla/5.0 (Macintosh; Intel Mac OS X 10_15_7) AppleWebKit/537.36 (KHTML, like Gecko) Chrome/91.0.4472.124 Safari/537.36"
192.168.1.3 - - [16/Jul/2025:10:17:57 +0000] "GET /search HTTP/1.1" 404 3701 "http://example.com/" "Mozilla/5.0 (Macintosh; Intel Mac OS X 10_15_7) AppleWebKit/537.36 (KHTML, like Gecko) Chrome/91.0.4472.124 Safari/537.36"
192.168.1.1 - - [16/Jul/2025:10:17:57 +0000] "GET /index.html HTTP/1.1" 200 4428 "http://example.com/" "Mozilla/5.0 (iPhone; CPU iPhone OS 14_7_1 like Mac OS X) AppleWebKit/605.1.15 (KHTML, like Gecko) Version/14.1.2 Mobile/15E148 Safari/604.1"
192.168.1.3 - - [16/Jul/2025:10:17:59 +0000] "GET /about.html HTTP/1.1" 200 2481 "http://example.com/" "Mozilla/5.0 (Macintosh; Intel Mac OS X 10_15_7) AppleWebKit/537.36 (KHTML, like Gecko) Chrome/91.0.4472.124 Safari/537.36"
203.0.113.100 - - [16/Jul/2025:10:18:02 +0000] "GET /search HTTP/1.1" 200 925 "-" "Scrapy/2.5.1"
203.0.113.200 - - [16/Jul/2025:10:18:02 +0000] "GET /.env HTTP/1.1" 403 335 "-" "curl/7.68.0"
203.0.113.100 - - [16/Jul/2025:10:18:19 +0000] "GET /contact HTTP/1.1" 200 344 "-" "curl/7.68.0"
10.0.0.10 - - [16/Jul/2025:10:18:23 +0000] "GET /login HTTP/1.1" 200 4252 "http://example.com/" "Mozilla/5.0 (Windows NT 10.0; Win64; x64) AppleWebKit/537.36 (KHTML, like Gecko) Chrome/91.0.4472.124 Safari/537.36"
203.0.113.100 - - [16/Jul/2025:10:18:28 +0000] "GET /about.html HTTP/1.1" 200 404 "-" "Mozilla/5.0 (compatible; Googlebot/2.1; +http://www.google.com/bot.html)"
203.0.113.200 - - [16/Jul/2025:10:18:42 +0000] "GET /search HTTP/1.1" 200 475 "-" "curl/7.68.0"
10.0.0.5 - - [16/Jul/2025:10:18:50 +0000] "GET / HTTP/1.1" 200 1287 "-" "Mozilla/5.0 (Macintosh; Intel Mac OS X 10_15_7) AppleWebKit/537.36 (KHTML, like Gecko) Chrome/91.0.4472.124 Safari/537.36"
203.0.113.200 - - [16/Jul/2025:10:19:25 +0000] "GET /search HTTP/1.1" 200 205 "-" "Mozilla/5.0 (compatible; Bot)"
10.0.0.5 - - [16/Jul/2025:10:19:30 +0000] "GET /login HTTP/1.1" 200 3882 "http://example.com/" "Mozilla/5.0 (iPhone; CPU iPhone OS 14_7_1 like Mac OS X) AppleWebKit/605.1.15 (KHTML, like Gecko) Version/14.1.2 Mobile/15E148 Safari/604.1"
192.168.1.3 - - [16/Jul/2025:10:19:48 +0000] "GET /index.html HTTP/1.1" 200 1676 "-" "Mozilla/5.0 (Windows NT 10.0; Win64; x64) AppleWebKit/537.36 (KHTML, like Gecko) Chrome/91.0.4472.124 Safari/537.36"
192.168.1.1 - - [16/Jul/2025:10:19:50 +0000] "GET /contact HTTP/1.1" 200 1240 "http://example.com/" "Mozilla/5.0 (iPhone; CPU iPhone OS 14_7_1 like Mac OS X) AppleWebKit/605.1.15 (KHTML, like Gecko) Version/14.1.2 Mobile/15E148 Safari/604.1"
198.51.100.10 - - [16/Jul/2025:10:19:51 +0000] "GET / HTTP/1.1" 200 963 "-" "Scrapy/2.5.1"
198.51.100.50 - - [16/Jul/2025:10:19:52 +0000] "GET /index.html HTTP/1.1" 200 850 "-" "Mozilla/5.0 (compatible; Googlebot/2.1; +http://www.google.com/bot.html)"
192.168.1.3 - - [16/Jul/2025:10:20:04 +0000] "GET /blog HTTP/1.1" 200 1135 "http://example.com/" "Mozilla/5.0 (Macintosh; Intel Mac OS X 10_15_7) AppleWebKit/537.36 (KHTML, like Gecko) Chrome/91.0.4472.124 Safari/537.36"
198.51.100.50 - - [16/Jul/2025:10:20:04 +0000] "GET /robots.txt HTTP/1.1" 500 594 "-" "Mozilla/5.0 (compatible; bingbot/2.0; +http://www.bing.com/bingbot.htm)"
192.168.1.1 - - [16/Jul/2025:10:20:12 +0000] "GET /products HTTP/1.1" 200 1608 "http://example.com/" "Mozilla/5.0 (Macintosh; Intel Mac OS X 10_15_7) AppleWebKit/537.36 (KHTML, like Gecko) Chrome/91.0.4472.124 Safari/537.36"
203.0.113.100 - - [16/Jul/2025:10:20:13 +0000] "GET /products HTTP/1.1" 200 813 "-" "Mozilla/5.0 (compatible; bingbot/2.0; +http://www.bing.com/bingbot.htm)"
203.0.113.100 - - [16/Jul/2025:10:20:19 +0000] "GET /config.php HTTP/1.1" 403 737 "-" "Mozilla/5.0 (compatible; bingbot/2.0; +http://www.bing.com/bingbot.htm)"
203.0.113.200 - - [16/Jul/2025:10:20:22 +0000] "GET /wp-admin/ HTTP/1.1" 500 424 "-" "Mozilla/5.0 (compatible; Googlebot/2.1; +http://www.google.com/bot.html)"
203.0.113.45 - - [16/Jul/2025:10:20:35 +0000] "GET /products HTTP/1.1" 200 308 "-" "python-requests/2.28.0"
203.0.113.200 - - [16/Jul/2025:10:20:39 +0000] "GET /robots.txt HTTP/1.1" 403 390 "-" "Mozilla/5.0 (compatible; Bot)"
203.0.113.100 - - [16/Jul/2025:10:20:39 +0000] "GET /wp-admin/ HTTP/1.1" 500 559 "-" "Mozilla/5.0 (compatible; bingbot/2.0; +http://www.bing.com/bingbot.htm)"
10.0.0.10 - - [16/Jul/2025:10:20:41 +0000] "GET /products HTTP/1.1" 200 3491 "http://example.com/" "Mozilla/5.0 (Windows NT 10.0; Win64; x64) AppleWebKit/537.36 (KHTML, like Gecko) Chrome/91.0.4472.124 Safari/537.36"
198.51.100.50 - - [16/Jul/2025:10:20:47 +0000] "GET /admin/login HTTP/1.1" 404 283 "-" "Mozilla/5.0 (compatible; bingbot/2.0; +http://www.bing.com/bingbot.htm)"
192.168.1.2 - - [16/Jul/2025:10:20:54 +0000] "GET /index.html HTTP/1.1" 200 4530 "http://example.com/" "Mozilla/5.0 (iPhone; CPU iPhone OS 14_7_1 like Mac OS X) AppleWebKit/605.1.15 (KHTML, like Gecko) Version/14.1.2 Mobile/15E148 Safari/604.1"
198.51.100.10 - - [16/Jul/2025:10:20:59 +0000] "GET /products HTTP/1.1" 200 169 "-" "Mozilla/5.0 (compatible; Bot)"
203.0.113.45 - - [16/Jul/2025:10:21:11 +0000] "GET /config.php HTTP/1.1" 404 824 "-" "python-requests/2.28.0"
203.0.113.45 - - [16/Jul/2025:10:21:18 +0000] "GET /index.html HTTP/1.1" 200 569 "-" "Mozilla/5.0 (compatible; Bot)"
10.0.0.5 - - [16/Jul/2025:10:21:21 +0000] "GET /about.html HTTP/1.1" 200 4567 "-" "Mozilla/5.0 (Windows NT 10.0; Win64; x64) AppleWebKit/537.36 (KHTML, like Gecko) Chrome/91.0.4472.124 Safari/537.36"
198.51.100.10 - - [16/Jul/2025:10:21:31 +0000] "GET / HTTP/1.1" 200 640 "-" "Mozilla/5.0 (compatible; Googlebot/2.1; +http://www.google.com/bot.html)"
203.0.113.100 - - [16/Jul/2025:10:21:54 +0000] "GET /search HTTP/1.1" 200 594 "-" "Mozilla/5.0 (compatible; bingbot/2.0; +http://www.bing.com/bingbot.htm)"
10.0.0.5 - - [16/Jul/2025:10:22:00 +0000] "GET /blog HTTP/1.1" 200 3359 "http://example.com/" "Mozilla/5.0 (Windows NT 10.0; Win64; x64) AppleWebKit/537.36 (KHTML, like Gecko) Chrome/91.0.4472.124 Safari/537.36"
203.0.113.45 - - [16/Jul/2025:10:22:08 +0000] "GET /index.html HTTP/1.1" 200 498 "-" "Mozilla/5.0 (compatible; bingbot/2.0; +http://www.bing.com/bingbot.htm)"
198.51.100.50 - - [16/Jul/2025:10:22:13 +0000] "GET /login HTTP/1.1" 200 222 "-" "python-requests/2.28.0"
198.51.100.50 - - [16/Jul/2025:10:22:21 +0000] "GET / HTTP/1.1" 200 997 "-" "Mozilla/5.0 (compatible; Googlebot/2.1; +http://www.google.com/bot.html)"
10.0.0.10 - - [16/Jul/2025:10:22:25 +0000] "GET /search HTTP/1.1" 200 3892 "http://example.com/" "Mozilla/5.0 (iPhone; CPU iPhone OS 14_7_1 like Mac OS X) AppleWebKit/605.1.15 (KHTML, like Gecko) Version/14.1.2 Mobile/15E148 Safari/604.1"
198.51.100.50 - - [16/Jul/2025:10:22:36 +0000] "GET / HTTP/1.1" 200 375 "-" "Mozilla/5.0 (compatible; Bot)"
203.0.113.45 - - [16/Jul/2025:10:22:44 +0000] "GET /contact HTTP/1.1" 200 367 "-" "Mozilla/5.0 (compatible; bingbot/2.0; +http://www.bing.com/bingbot.htm)"
198.51.100.50 - - [16/Jul/2025:10:22:47 +0000] "GET /index.html HTTP/1.1" 200 273 "-" "Mozilla/5.0 (compatible; Bot)"
192.168.1.2 - - [16/Jul/2025:10:22:54 +0000] "GET / HTTP/1.1" 404 3126 "http://example.com/" "Mozilla/5.0 (iPhone; CPU iPhone OS 14_7_1 like Mac OS X) AppleWebKit/605.1.15 (KHTML, like Gecko) Version/14.1.2 Mobile/15E148 Safari/604.1"
198.51.100.10 - - [16/Jul/2025:10:22:58 +0000] "GET /blog HTTP/1.1" 200 953 "-" "Mozilla/5.0 (compatible; bingbot/2.0; +http://www.bing.com/bingbot.htm)"
10.0.0.5 - - [16/Jul/2025:10:23:18 +0000] "GET /about.html HTTP/1.1" 404 1231 "http://example.com/" "Mozilla/5.0 (iPhone; CPU iPhone OS 14_7_1 like Mac OS X) AppleWebKit/605.1.15 (KHTML, like Gecko) Version/14.1.2 Mobile/15E148 Safari/604.1"
192.168.1.3 - - [16/Jul/2025:10:23:19 +0000] "GET / HTTP/1.1" 200 4546 "http://example.com/" "Mozilla/5.0 (Macintosh; Intel Mac OS X 10_15_7) AppleWebKit/537.36 (KHTML, like Gecko) Chrome/91.0.4472.124 Safari/537.36"
198.51.100.10 - - [16/Jul/2025:10:23:19 +0000] "GET /index.html HTTP/1.1" 200 392 "-" "Scrapy/2.5.1"
192.168.1.1 - - [16/Jul/2025:10:23:20 +0000] "GET /about.html HTTP/1.1" 200 4340 "http://example.com/" "Mozilla/5.0 (Windows NT 10.0; Win64; x64) AppleWebKit/537.36 (KHTML, like Gecko) Chrome/91.0.4472.124 Safari/537.36"
192.168.1.1 - - [16/Jul/2025:10:23:49 +0000] "GET /about.html HTTP/1.1" 200 1869 "http://example.com/" "Mozilla/5.0 (Macintosh; Intel Mac OS X 10_15_7) AppleWebKit/537.36 (KHTML, like Gecko) Chrome/91.0.4472.124 Safari/537.36"
203.0.113.100 - - [16/Jul/2025:10:23:52 +0000] "GET / HTTP/1.1" 200 708 "-" "Scrapy/2.5.1"
203.0.113.200 - - [16/Jul/2025:10:23:55 +0000] "GET / HTTP/1.1" 200 255 "-" "Mozilla/5.0 (compatible; Googlebot/2.1; +http://www.google.com/bot.html)"
203.0.113.100 - - [16/Jul/2025:10:24:00 +0000] "GET /login HTTP/1.1" 200 196 "-" "Mozilla/5.0 (compatible; Googlebot/2.1; +http://www.google.com/bot.html)"
203.0.113.100 - - [16/Jul/2025:10:24:02 +0000] "GET /products HTTP/1.1" 200 580 "-" "python-requests/2.28.0"
10.0.0.10 - - [16/Jul/2025:10:24:06 +0000] "GET /about.html HTTP/1.1" 200 3137 "-" "Mozilla/5.0 (iPhone; CPU iPhone OS 14_7_1 like Mac OS X) AppleWebKit/605.1.15 (KHTML, like Gecko) Version/14.1.2 Mobile/15E148 Safari/604.1"
192.168.1.3 - - [16/Jul/2025:10:24:15 +0000] "GET / HTTP/1.1" 200 4274 "http://example.com/" "Mozilla/5.0 (iPhone; CPU iPhone OS 14_7_1 like Mac OS X) AppleWebKit/605.1.15 (KHTML, like Gecko) Version/14.1.2 Mobile/15E148 Safari/604.1"
203.0.113.100 - - [16/Jul/2025:10:24:22 +0000] "GET /login HTTP/1.1" 200 669 "-" "curl/7.68.0"
10.0.0.10 - - [16/Jul/2025:10:24:39 +0000] "GET /about.html HTTP/1.1" 404 4676 "-" "Mozilla/5.0 (Macintosh; Intel Mac OS X 10_15_7) AppleWebKit/537.36 (KHTML, like Gecko) Chrome/91.0.4472.124 Safari/537.36"
203.0.113.100 - - [16/Jul/2025:10:25:00 +0000] "GET /admin/login HTTP/1.1" 500 753 "-" "curl/7.68.0"
198.51.100.50 - - [16/Jul/2025:10:25:09 +0000] "GET / HTTP/1.1" 200 288 "-" "python-requests/2.28.0"
203.0.113.100 - - [16/Jul/2025:10:25:27 +0000] "GET /backup/ HTTP/1.1" 500 386 "-" "curl/7.68.0"
192.168.1.3 - - [16/Jul/2025:10:25:33 +0000] "GET /login HTTP/1.1" 404 2324 "http://example.com/" "Mozilla/5.0 (Windows NT 10.0; Win64; x64) AppleWebKit/537.36 (KHTML, like Gecko) Chrome/91.0.4472.124 Safari/537.36"
192.168.1.1 - - [16/Jul/2025:10:25:36 +0000] "GET / HTTP/1.1" 200 3760 "http://example.com/" "Mozilla/5.0 (Windows NT 10.0; Win64; x64) AppleWebKit/537.36 (KHTML, like Gecko) Chrome/91.0.4472.124 Safari/537.36"
192.168.1.2 - - [16/Jul/2025:10:25:38 +0000] "GET /index.html HTTP/1.1" 200 3065 "http://example.com/" "Mozilla/5.0 (Macintosh; Intel Mac OS X 10_15_7) AppleWebKit/537.36 (KHTML, like Gecko) Chrome/91.0.4472.124 Safari/537.36"
203.0.113.100 - - [16/Jul/2025:10:25:38 +0000] "GET /backup/ HTTP/1.1" 403 458 "-" "Scrapy/2.5.1"
10.0.0.5 - - [16/Jul/2025:10:25:46 +0000] "GET /login HTTP/1.1" 200 4442 "http://example.com/" "Mozilla/5.0 (Macintosh; Intel Mac OS X 10_15_7) AppleWebKit/537.36 (KHTML, like Gecko) Chrome/91.0.4472.124 Safari/537.36"
203.0.113.100 - - [16/Jul/2025:10:25:49 +0000] "GET /admin/login HTTP/1.1" 500 934 "-" "Mozilla/5.0 (compatible; bingbot/2.0; +http://www.bing.com/bingbot.htm)"
203.0.113.200 - - [16/Jul/2025:10:25:52 +0000] "GET /contact HTTP/1.1" 200 238 "-" "curl/7.68.0"
192.168.1.3 - - [16/Jul/2025:10:26:03 +0000] "GET /about.html HTTP/1.1" 200 3594 "-" "Mozilla/5.0 (iPhone; CPU iPhone OS 14_7_1 like Mac OS X) AppleWebKit/605.1.15 (KHTML, like Gecko) Version/14.1.2 Mobile/15E148 Safari/604.1"
198.51.100.10 - - [16/Jul/2025:10:26:06 +0000] "GET / HTTP/1.1" 200 232 "-" "Mozilla/5.0 (compatible; Bot)"
198.51.100.10 - - [16/Jul/2025:10:26:07 +0000] "GET /about.html HTTP/1.1" 200 510 "-" "python-requests/2.28.0"
198.51.100.50 - - [16/Jul/2025:10:26:13 +0000] "GET /sitemap.xml HTTP/1.1" 404 648 "-" "Mozilla/5.0 (compatible; Bot)"
198.51.100.10 - - [16/Jul/2025:10:26:19 +0000] "GET /admin/login HTTP/1.1" 404 652 "-" "Mozilla/5.0 (compatible; bingbot/2.0; +http://www.bing.com/bingbot.htm)"
192.168.1.1 - - [16/Jul/2025:10:26:25 +0000] "GET /contact HTTP/1.1" 404 4995 "http://example.com/" "Mozilla/5.0 (Windows NT 10.0; Win64; x64) AppleWebKit/537.36 (KHTML, like Gecko) Chrome/91.0.4472.124 Safari/537.36"
203.0.113.100 - - [16/Jul/2025:10:26:34 +0000] "GET /blog HTTP/1.1" 200 421 "-" "python-requests/2.28.0"
203.0.113.100 - - [16/Jul/2025:10:26:36 +0000] "GET /login HTTP/1.1" 200 441 "-" "curl/7.68.0"
198.51.100.50 - - [16/Jul/2025:10:26:39 +0000] "GET /about.html HTTP/1.1" 200 503 "-" "Mozilla/5.0 (compatible; Googlebot/2.1; +http://www.google.com/bot.html)"
192.168.1.1 - - [16/Jul/2025:10:26:41 +0000] "GET /about.html HTTP/1.1" 404 4368 "-" "Mozilla/5.0 (Macintosh; Intel Mac OS X 10_15_7) AppleWebKit/537.36 (KHTML, like Gecko) Chrome/91.0.4472.124 Safari/537.36"
198.51.100.50 - - [16/Jul/2025:10:26:45 +0000] "GET /sitemap.xml HTTP/1.1" 500 315 "-" "Mozilla/5.0 (compatible; Googlebot/2.1; +http://www.google.com/bot.html)"
192.168.1.3 - - [16/Jul/2025:10:26:55 +0000] "GET /search HTTP/1.1" 200 3932 "http://example.com/" "Mozilla/5.0 (Macintosh; Intel Mac OS X 10_15_7) AppleWebKit/537.36 (KHTML, like Gecko) Chrome/91.0.4472.124 Safari/537.36"
203.0.113.200 - - [16/Jul/2025:10:26:55 +0000] "GET /robots.txt HTTP/1.1" 404 730 "-" "Mozilla/5.0 (compatible; Googlebot/2.1; +http://www.google.com/bot.html)"
192.168.1.1 - - [16/Jul/2025:10:26:59 +0000] "GET /blog HTTP/1.1" 404 2155 "http://example.com/" "Mozilla/5.0 (Macintosh; Intel Mac OS X 10_15_7) AppleWebKit/537.36 (KHTML, like Gecko) Chrome/91.0.4472.124 Safari/537.36"
198.51.100.10 - - [16/Jul/2025:10:27:18 +0000] "GET /admin/login HTTP/1.1" 403 317 "-" "python-requests/2.28.0"
192.168.1.3 - - [16/Jul/2025:10:27:21 +0000] "GET /login HTTP/1.1" 200 4396 "http://example.com/" "Mozilla/5.0 (iPhone; CPU iPhone OS 14_7_1 like Mac OS X) AppleWebKit/605.1.15 (KHTML, like Gecko) Version/14.1.2 Mobile/15E148 Safari/604.1"
192.168.1.1 - - [16/Jul/2025:10:27:27 +0000] "GET /about.html HTTP/1.1" 200 3927 "-" "Mozilla/5.0 (Windows NT 10.0; Win64; x64) AppleWebKit/537.36 (KHTML, like Gecko) Chrome/91.0.4472.124 Safari/537.36"
203.0.113.45 - - [16/Jul/2025:10:27:43 +0000] "GET /login HTTP/1.1" 200 405 "-" "Mozilla/5.0 (compatible; Googlebot/2.1; +http://www.google.com/bot.html)"
203.0.113.100 - - [16/Jul/2025:10:27:47 +0000] "GET /contact HTTP/1.1" 200 798 "-" "curl/7.68.0"
203.0.113.45 - - [16/Jul/2025:10:27:57 +0000] "GET /login HTTP/1.1" 200 401 "-" "curl/7.68.0"
192.168.1.1 - - [16/Jul/2025:10:28:06 +0000] "GET /blog HTTP/1.1" 200 2863 "http://example.com/" "Mozilla/5.0 (Macintosh; Intel Mac OS X 10_15_7) AppleWebKit/537.36 (KHTML, like Gecko) Chrome/91.0.4472.124 Safari/537.36"
198.51.100.10 - - [16/Jul/2025:10:28:13 +0000] "GET / HTTP/1.1" 200 246 "-" "curl/7.68.0"
192.168.1.1 - - [16/Jul/2025:10:28:39 +0000] "GET /about.html HTTP/1.1" 200 3403 "http://example.com/" "Mozilla/5.0 (Windows NT 10.0; Win64; x64) AppleWebKit/537.36 (KHTML, like Gecko) Chrome/91.0.4472.124 Safari/537.36"
10.0.0.10 - - [16/Jul/2025:10:28:40 +0000] "GET /search HTTP/1.1" 200 4561 "-" "Mozilla/5.0 (Windows NT 10.0; Win64; x64) AppleWebKit/537.36 (KHTML, like Gecko) Chrome/91.0.4472.124 Safari/537.36"
203.0.113.200 - - [16/Jul/2025:10:28:40 +0000] "GET /contact HTTP/1.1" 200 862 "-" "curl/7.68.0"
203.0.113.200 - - [16/Jul/2025:10:28:40 +0000] "GET /contact HTTP/1.1" 200 826 "-" "curl/7.68.0"
198.51.100.50 - - [16/Jul/2025:10:28:54 +0000] "GET /wp-admin/ HTTP/1.1" 500 511 "-" "curl/7.68.0"
198.51.100.10 - - [16/Jul/2025:10:29:03 +0000] "GET / HTTP/1.1" 200 236 "-" "Mozilla/5.0 (compatible; Googlebot/2.1; +http://www.google.com/bot.html)"
203.0.113.200 - - [16/Jul/2025:10:29:06 +0000] "GET /.env HTTP/1.1" 500 277 "-" "curl/7.68.0"
10.0.0.10 - - [16/Jul/2025:10:29:10 +0000] "GET /index.html HTTP/1.1" 200 2105 "-" "Mozilla/5.0 (Macintosh; Intel Mac OS X 10_15_7) AppleWebKit/537.36 (KHTML, like Gecko) Chrome/91.0.4472.124 Safari/537.36"
192.168.1.1 - - [16/Jul/2025:10:29:15 +0000] "GET /about.html HTTP/1.1" 200 3034 "http://example.com/" "Mozilla/5.0 (Macintosh; Intel Mac OS X 10_15_7) AppleWebKit/537.36 (KHTML, like Gecko) Chrome/91.0.4472.124 Safari/537.36"
203.0.113.200 - - [16/Jul/2025:10:29:21 +0000] "GET /sitemap.xml HTTP/1.1" 500 348 "-" "Mozilla/5.0 (compatible; bingbot/2.0; +http://www.bing.com/bingbot.htm)"
10.0.0.5 - - [16/Jul/2025:10:29:22 +0000] "GET /login HTTP/1.1" 200 4758 "http://example.com/" "Mozilla/5.0 (Windows NT 10.0; Win64; x64) AppleWebKit/537.36 (KHTML, like Gecko) Chrome/91.0.4472.124 Safari/537.36"
198.51.100.10 - - [16/Jul/2025:10:29:40 +0000] "GET /backup/ HTTP/1.1" 404 818 "-" "python-requests/2.28.0"
198.51.100.50 - - [16/Jul/2025:10:30:08 +0000] "GET /config.php HTTP/1.1" 404 446 "-" "Scrapy/2.5.1"
203.0.113.100 - - [16/Jul/2025:10:30:17 +0000] "GET /login HTTP/1.1" 200 482 "-" "Mozilla/5.0 (compatible; bingbot/2.0; +http://www.bing.com/bingbot.htm)"
10.0.0.5 - - [16/Jul/2025:10:30:21 +0000] "GET /blog HTTP/1.1" 200 4010 "-" "Mozilla/5.0 (iPhone; CPU iPhone OS 14_7_1 like Mac OS X) AppleWebKit/605.1.15 (KHTML, like Gecko) Version/14.1.2 Mobile/15E148 Safari/604.1"
192.168.1.2 - - [16/Jul/2025:10:30:29 +0000] "GET /index.html HTTP/1.1" 200 3461 "http://example.com/" "Mozilla/5.0 (iPhone; CPU iPhone OS 14_7_1 like Mac OS X) AppleWebKit/605.1.15 (KHTML, like Gecko) Version/14.1.2 Mobile/15E148 Safari/604.1"
10.0.0.5 - - [16/Jul/2025:10:30:41 +0000] "GET / HTTP/1.1" 200 1706 "http://example.com/" "Mozilla/5.0 (Windows NT 10.0; Win64; x64) AppleWebKit/537.36 (KHTML, like Gecko) Chrome/91.0.4472.124 Safari/537.36"
203.0.113.100 - - [16/Jul/2025:10:30:42 +0000] "GET /blog HTTP/1.1" 200 390 "-" "Scrapy/2.5.1"
203.0.113.100 - - [16/Jul/2025:10:30:44 +0000] "GET /search HTTP/1.1" 200 925 "-" "python-requests/2.28.0"
203.0.113.100 - - [16/Jul/2025:10:30:45 +0000] "GET /backup/ HTTP/1.1" 500 489 "-" "Mozilla/5.0 (compatible; bingbot/2.0; +http://www.bing.com/bingbot.htm)"
192.168.1.2 - - [16/Jul/2025:10:30:48 +0000] "GET /contact HTTP/1.1" 200 3929 "http://example.com/" "Mozilla/5.0 (Macintosh; Intel Mac OS X 10_15_7) AppleWebKit/537.36 (KHTML, like Gecko) Chrome/91.0.4472.124 Safari/537.36"
203.0.113.200 - - [16/Jul/2025:10:30:49 +0000] "GET /robots.txt HTTP/1.1" 403 542 "-" "python-requests/2.28.0"
203.0.113.100 - - [16/Jul/2025:10:31:01 +0000] "GET /about.html HTTP/1.1" 200 135 "-" "Mozilla/5.0 (compatible; Googlebot/2.1; +http://www.google.com/bot.html)"
198.51.100.10 - - [16/Jul/2025:10:31:03 +0000] "GET /robots.txt HTTP/1.1" 500 798 "-" "Mozilla/5.0 (compatible; Googlebot/2.1; +http://www.google.com/bot.html)"
203.0.113.200 - - [16/Jul/2025:10:31:10 +0000] "GET /.env HTTP/1.1" 403 130 "-" "curl/7.68.0"
192.168.1.1 - - [16/Jul/2025:10:31:12 +0000] "GET /products HTTP/1.1" 404 4425 "-" "Mozilla/5.0 (Macintosh; Intel Mac OS X 10_15_7) AppleWebKit/537.36 (KHTML, like Gecko) Chrome/91.0.4472.124 Safari/537.36"
198.51.100.50 - - [16/Jul/2025:10:31:16 +0000] "GET /search HTTP/1.1" 200 840 "-" "Mozilla/5.0 (compatible; bingbot/2.0; +http://www.bing.com/bingbot.htm)"
203.0.113.45 - - [16/Jul/2025:10:31:17 +0000] "GET /config.php HTTP/1.1" 500 274 "-" "Mozilla/5.0 (compatible; bingbot/2.0; +http://www.bing.com/bingbot.htm)"
192.168.1.1 - - [16/Jul/2025:10:31:26 +0000] "GET /products HTTP/1.1" 200 2829 "http://example.com/" "Mozilla/5.0 (iPhone; CPU iPhone OS 14_7_1 like Mac OS X) AppleWebKit/605.1.15 (KHTML, like Gecko) Version/14.1.2 Mobile/15E148 Safari/604.1"
192.168.1.1 - - [16/Jul/2025:10:31:43 +0000] "GET /search HTTP/1.1" 200 4250 "-" "Mozilla/5.0 (iPhone; CPU iPhone OS 14_7_1 like Mac OS X) AppleWebKit/605.1.15 (KHTML, like Gecko) Version/14.1.2 Mobile/15E148 Safari/604.1"
203.0.113.100 - - [16/Jul/2025:10:31:44 +0000] "GET /admin/login HTTP/1.1" 403 705 "-" "Mozilla/5.0 (compatible; Bot)"
203.0.113.200 - - [16/Jul/2025:10:31:51 +0000] "GET /blog HTTP/1.1" 200 549 "-" "python-requests/2.28.0"
203.0.113.200 - - [16/Jul/2025:10:32:04 +0000] "GET /about.html HTTP/1.1" 200 230 "-" "Mozilla/5.0 (compatible; Bot)"
192.168.1.2 - - [16/Jul/2025:10:32:06 +0000] "GET /search HTTP/1.1" 404 4671 "http://example.com/" "Mozilla/5.0 (Windows NT 10.0; Win64; x64) AppleWebKit/537.36 (KHTML, like Gecko) Chrome/91.0.4472.124 Safari/537.36"
203.0.113.100 - - [16/Jul/2025:10:32:09 +0000] "GET /products HTTP/1.1" 200 881 "-" "python-requests/2.28.0"
203.0.113.45 - - [16/Jul/2025:10:32:11 +0000] "GET / HTTP/1.1" 200 960 "-" "Mozilla/5.0 (compatible; Googlebot/2.1; +http://www.google.com/bot.html)"
198.51.100.10 - - [16/Jul/2025:10:32:30 +0000] "GET /blog HTTP/1.1" 200 450 "-" "Mozilla/5.0 (compatible; Googlebot/2.1; +http://www.google.com/bot.html)"
203.0.113.45 - - [16/Jul/2025:10:32:32 +0000] "GET /backup/ HTTP/1.1" 500 386 "-" "Mozilla/5.0 (compatible; Googlebot/2.1; +http://www.google.com/bot.html)"
203.0.113.100 - - [16/Jul/2025:10:32:40 +0000] "GET /config.php HTTP/1.1" 404 351 "-" "Mozilla/5.0 (compatible; Googlebot/2.1; +http://www.google.com/bot.html)"
198.51.100.10 - - [16/Jul/2025:10:32:42 +0000] "GET /.env HTTP/1.1" 403 587 "-" "python-requests/2.28.0"
198.51.100.10 - - [16/Jul/2025:10:32:45 +0000] "GET /contact HTTP/1.1" 200 857 "-" "Mozilla/5.0 (compatible; Googlebot/2.1; +http://www.google.com/bot.html)"
192.168.1.2 - - [16/Jul/2025:10:32:49 +0000] "GET /contact HTTP/1.1" 200 1083 "http://example.com/" "Mozilla/5.0 (Macintosh; Intel Mac OS X 10_15_7) AppleWebKit/537.36 (KHTML, like Gecko) Chrome/91.0.4472.124 Safari/537.36"
203.0.113.100 - - [16/Jul/2025:10:33:00 +0000] "GET /login HTTP/1.1" 200 750 "-" "curl/7.68.0"
10.0.0.5 - - [16/Jul/2025:10:33:20 +0000] "GET /products HTTP/1.1" 200 2173 "http://example.com/" "Mozilla/5.0 (Macintosh; Intel Mac OS X 10_15_7) AppleWebKit/537.36 (KHTML, like Gecko) Chrome/91.0.4472.124 Safari/537.36"
203.0.113.45 - - [16/Jul/2025:10:33:25 +0000] "GET /blog HTTP/1.1" 200 978 "-" "python-requests/2.28.0"
192.168.1.2 - - [16/Jul/2025:10:33:35 +0000] "GET /about.html HTTP/1.1" 200 3412 "-" "Mozilla/5.0 (Macintosh; Intel Mac OS X 10_15_7) AppleWebKit/537.36 (KHTML, like Gecko) Chrome/91.0.4472.124 Safari/537.36"
192.168.1.2 - - [16/Jul/2025:10:33:40 +0000] "GET /index.html HTTP/1.1" 404 3989 "-" "Mozilla/5.0 (Windows NT 10.0; Win64; x64) AppleWebKit/537.36 (KHTML, like Gecko) Chrome/91.0.4472.124 Safari/537.36"
10.0.0.10 - - [16/Jul/2025:10:33:46 +0000] "GET /about.html HTTP/1.1" 200 1631 "http://example.com/" "Mozilla/5.0 (iPhone; CPU iPhone OS 14_7_1 like Mac OS X) AppleWebKit/605.1.15 (KHTML, like Gecko) Version/14.1.2 Mobile/15E148 Safari/604.1"
203.0.113.100 - - [16/Jul/2025:10:33:50 +0000] "GET /about.html HTTP/1.1" 200 607 "-" "Mozilla/5.0 (compatible; Googlebot/2.1; +http://www.google.com/bot.html)"
192.168.1.1 - - [16/Jul/2025:10:33:55 +0000] "GET /index.html HTTP/1.1" 200 4215 "http://example.com/" "Mozilla/5.0 (Macintosh; Intel Mac OS X 10_15_7) AppleWebKit/537.36 (KHTML, like Gecko) Chrome/91.0.4472.124 Safari/537.36"
198.51.100.10 - - [16/Jul/2025:10:34:02 +0000] "GET /search HTTP/1.1" 200 569 "-" "python-requests/2.28.0"
203.0.113.200 - - [16/Jul/2025:10:34:08 +0000] "GET /admin/login HTTP/1.1" 500 994 "-" "curl/7.68.0"
198.51.100.10 - - [16/Jul/2025:10:34:08 +0000] "GET /.env HTTP/1.1" 404 502 "-" "Mozilla/5.0 (compatible; bingbot/2.0; +http://www.bing.com/bingbot.htm)"
203.0.113.45 - - [16/Jul/2025:10:34:09 +0000] "GET / HTTP/1.1" 200 545 "-" "Mozilla/5.0 (compatible; Bot)"
192.168.1.3 - - [16/Jul/2025:10:34:42 +0000] "GET /about.html HTTP/1.1" 200 4247 "http://example.com/" "Mozilla/5.0 (Windows NT 10.0; Win64; x64) AppleWebKit/537.36 (KHTML, like Gecko) Chrome/91.0.4472.124 Safari/537.36"
192.168.1.2 - - [16/Jul/2025:10:34:46 +0000] "GET /products HTTP/1.1" 200 1955 "http://example.com/" "Mozilla/5.0 (iPhone; CPU iPhone OS 14_7_1 like Mac OS X) AppleWebKit/605.1.15 (KHTML, like Gecko) Version/14.1.2 Mobile/15E148 Safari/604.1"
198.51.100.50 - - [16/Jul/2025:10:34:47 +0000] "GET /blog HTTP/1.1" 200 368 "-" "python-requests/2.28.0"
203.0.113.100 - - [16/Jul/2025:10:34:54 +0000] "GET /about.html HTTP/1.1" 200 323 "-" "Mozilla/5.0 (compatible; bingbot/2.0; +http://www.bing.com/bingbot.htm)"
198.51.100.10 - - [16/Jul/2025:10:34:59 +0000] "GET /wp-admin/ HTTP/1.1" 403 173 "-" "Mozilla/5.0 (compatible; Bot)"
198.51.100.50 - - [16/Jul/2025:10:35:19 +0000] "GET /about.html HTTP/1.1" 200 853 "-" "Mozilla/5.0 (compatible; bingbot/2.0; +http://www.bing.com/bingbot.htm)"
203.0.113.45 - - [16/Jul/2025:10:35:23 +0000] "GET /search HTTP/1.1" 200 963 "-" "python-requests/2.28.0"
198.51.100.10 - - [16/Jul/2025:10:35:26 +0000] "GET /backup/ HTTP/1.1" 404 996 "-" "curl/7.68.0"
10.0.0.5 - - [16/Jul/2025:10:35:28 +0000] "GET /blog HTTP/1.1" 200 2922 "http://example.com/" "Mozilla/5.0 (Windows NT 10.0; Win64; x64) AppleWebKit/537.36 (KHTML, like Gecko) Chrome/91.0.4472.124 Safari/537.36"
10.0.0.5 - - [16/Jul/2025:10:35:31 +0000] "GET /index.html HTTP/1.1" 200 3622 "http://example.com/" "Mozilla/5.0 (Macintosh; Intel Mac OS X 10_15_7) AppleWebKit/537.36 (KHTML, like Gecko) Chrome/91.0.4472.124 Safari/537.36"
203.0.113.45 - - [16/Jul/2025:10:35:59 +0000] "GET /backup/ HTTP/1.1" 403 685 "-" "curl/7.68.0"
198.51.100.50 - - [16/Jul/2025:10:36:02 +0000] "GET /admin/login HTTP/1.1" 500 855 "-" "curl/7.68.0"
192.168.1.1 - - [16/Jul/2025:10:36:07 +0000] "GET /contact HTTP/1.1" 404 2069 "-" "Mozilla/5.0 (Macintosh; Intel Mac OS X 10_15_7) AppleWebKit/537.36 (KHTML, like Gecko) Chrome/91.0.4472.124 Safari/537.36"
198.51.100.10 - - [16/Jul/2025:10:36:17 +0000] "GET /contact HTTP/1.1" 200 144 "-" "Mozilla/5.0 (compatible; Googlebot/2.1; +http://www.google.com/bot.html)"
198.51.100.10 - - [16/Jul/2025:10:36:18 +0000] "GET /blog HTTP/1.1" 200 190 "-" "Scrapy/2.5.1"
192.168.1.2 - - [16/Jul/2025:10:36:26 +0000] "GET /about.html HTTP/1.1" 200 2083 "http://example.com/" "Mozilla/5.0 (Windows NT 10.0; Win64; x64) AppleWebKit/537.36 (KHTML, like Gecko) Chrome/91.0.4472.124 Safari/537.36"
10.0.0.10 - - [16/Jul/2025:10:36:32 +0000] "GET /blog HTTP/1.1" 200 1673 "http://example.com/" "Mozilla/5.0 (iPhone; CPU iPhone OS 14_7_1 like Mac OS X) AppleWebKit/605.1.15 (KHTML, like Gecko) Version/14.1.2 Mobile/15E148 Safari/604.1"
198.51.100.50 - - [16/Jul/2025:10:36:35 +0000] "GET /about.html HTTP/1.1" 200 840 "-" "python-requests/2.28.0"
10.0.0.5 - - [16/Jul/2025:10:36:43 +0000] "GET /search HTTP/1.1" 404 3843 "-" "Mozilla/5.0 (Windows NT 10.0; Win64; x64) AppleWebKit/537.36 (KHTML, like Gecko) Chrome/91.0.4472.124 Safari/537.36"
203.0.113.100 - - [16/Jul/2025:10:36:43 +0000] "GET /contact HTTP/1.1" 200 479 "-" "Mozilla/5.0 (compatible; bingbot/2.0; +http://www.bing.com/bingbot.htm)"
10.0.0.10 - - [16/Jul/2025:10:36:53 +0000] "GET /search HTTP/1.1" 404 2568 "http://example.com/" "Mozilla/5.0 (Windows NT 10.0; Win64; x64) AppleWebKit/537.36 (KHTML, like Gecko) Chrome/91.0.4472.124 Safari/537.36"
10.0.0.5 - - [16/Jul/2025:10:36:55 +0000] "GET /contact HTTP/1.1" 200 3981 "http://example.com/" "Mozilla/5.0 (Macintosh; Intel Mac OS X 10_15_7) AppleWebKit/537.36 (KHTML, like Gecko) Chrome/91.0.4472.124 Safari/537.36"
